Component: ARM Compiler 5.06 update 7 (build 960) Tool: armlink [4d3601]

==============================================================================

Section Cross References

    startup_stm32f103xe.o(STACK) refers (Special) to heapauxi.o(.text) for __use_two_region_memory
    startup_stm32f103xe.o(HEAP) refers (Special) to heapauxi.o(.text) for __use_two_region_memory
    startup_stm32f103xe.o(RESET) refers (Special) to heapauxi.o(.text) for __use_two_region_memory
    startup_stm32f103xe.o(RESET) refers to startup_stm32f103xe.o(STACK) for __initial_sp
    startup_stm32f103xe.o(RESET) refers to startup_stm32f103xe.o(.text) for Reset_Handler
    startup_stm32f103xe.o(RESET) refers to stm32f1xx_it.o(i.NMI_Handler) for NMI_Handler
    startup_stm32f103xe.o(RESET) refers to stm32f1xx_it.o(i.HardFault_Handler) for HardFault_Handler
    startup_stm32f103xe.o(RESET) refers to stm32f1xx_it.o(i.MemManage_Handler) for MemManage_Handler
    startup_stm32f103xe.o(RESET) refers to stm32f1xx_it.o(i.BusFault_Handler) for BusFault_Handler
    startup_stm32f103xe.o(RESET) refers to stm32f1xx_it.o(i.UsageFault_Handler) for UsageFault_Handler
    startup_stm32f103xe.o(RESET) refers to port.o(.emb_text) for SVC_Handler
    startup_stm32f103xe.o(RESET) refers to stm32f1xx_it.o(i.DebugMon_Handler) for DebugMon_Handler
    startup_stm32f103xe.o(RESET) refers to delay.o(i.SysTick_Handler) for SysTick_Handler
    startup_stm32f103xe.o(RESET) refers to usmart_port.o(i.TIM4_IRQHandler) for TIM4_IRQHandler
    startup_stm32f103xe.o(RESET) refers to usart.o(i.USART1_IRQHandler) for USART1_IRQHandler
    startup_stm32f103xe.o(RESET) refers to remote.o(i.TIM5_IRQHandler) for TIM5_IRQHandler
    startup_stm32f103xe.o(.text) refers (Special) to heapauxi.o(.text) for __use_two_region_memory
    startup_stm32f103xe.o(.text) refers to system_stm32f1xx.o(i.SystemInit) for SystemInit
    startup_stm32f103xe.o(.text) refers to __main.o(!!!main) for __main
    startup_stm32f103xe.o(.text) refers to startup_stm32f103xe.o(HEAP) for Heap_Mem
    startup_stm32f103xe.o(.text) refers to startup_stm32f103xe.o(STACK) for Stack_Mem
    main.o(i.main) refers to stm32f1xx_hal.o(i.HAL_Init) for HAL_Init
    main.o(i.main) refers to sys.o(i.sys_stm32_clock_init) for sys_stm32_clock_init
    main.o(i.main) refers to delay.o(i.delay_init) for delay_init
    main.o(i.main) refers to usart.o(i.usart_init) for usart_init
    main.o(i.main) refers to led.o(i.led_init) for led_init
    main.o(i.main) refers to lcd.o(i.lcd_init) for lcd_init
    main.o(i.main) refers to key.o(i.key_init) for key_init
    main.o(i.main) refers to remote.o(i.remote_init) for remote_init
    main.o(i.main) refers to lvgl_demo.o(i.lvgl_demo) for lvgl_demo
    main.o(i.main) refers to main.o(i.picture_main) for picture_main
    main.o(i.main) refers to usmart_config.o(.data) for usmart_dev
    main.o(i.pic_get_tnum) refers to malloc.o(i.mymalloc) for mymalloc
    main.o(i.pic_get_tnum) refers to ff.o(i.f_opendir) for f_opendir
    main.o(i.pic_get_tnum) refers to ff.o(i.f_readdir) for f_readdir
    main.o(i.pic_get_tnum) refers to exfuns.o(i.exfuns_file_type) for exfuns_file_type
    main.o(i.pic_get_tnum) refers to malloc.o(i.myfree) for myfree
    main.o(i.picture_main) refers to _printf_truncate.o(.text) for _printf_truncate_unsigned
    main.o(i.picture_main) refers to _printf_percent.o(.ARM.Collect$$_printf_percent$$00000000) for _printf_percent
    main.o(i.picture_main) refers to _printf_u.o(.ARM.Collect$$_printf_percent$$0000000A) for _printf_u
    main.o(i.picture_main) refers to _printf_dec.o(.text) for _printf_int_dec
    main.o(i.picture_main) refers to norflash.o(i.norflash_init) for norflash_init
    main.o(i.picture_main) refers to malloc.o(i.my_mem_init) for my_mem_init
    main.o(i.picture_main) refers to exfuns.o(i.exfuns_init) for exfuns_init
    main.o(i.picture_main) refers to ff.o(i.f_mount) for f_mount
    main.o(i.picture_main) refers to lcd.o(i.lcd_show_string) for lcd_show_string
    main.o(i.picture_main) refers to delay.o(i.delay_ms) for delay_ms
    main.o(i.picture_main) refers to lcd.o(i.lcd_fill) for lcd_fill
    main.o(i.picture_main) refers to fonts.o(i.fonts_init) for fonts_init
    main.o(i.picture_main) refers to text.o(i.text_show_string) for text_show_string
    main.o(i.picture_main) refers to ff.o(i.f_opendir) for f_opendir
    main.o(i.picture_main) refers to main.o(i.pic_get_tnum) for pic_get_tnum
    main.o(i.picture_main) refers to malloc.o(i.mymalloc) for mymalloc
    main.o(i.picture_main) refers to ff.o(i.f_readdir) for f_readdir
    main.o(i.picture_main) refers to exfuns.o(i.exfuns_file_type) for exfuns_file_type
    main.o(i.picture_main) refers to noretval__2sprintf.o(.text) for __2sprintf
    main.o(i.picture_main) refers to piclib.o(i.piclib_init) for piclib_init
    main.o(i.picture_main) refers to ff.o(i.dir_sdi) for dir_sdi
    main.o(i.picture_main) refers to strcpy.o(.text) for strcpy
[...]
    piclib.o(i.piclib_is_element_ok) refers to piclib.o(.bss) for .bss


==============================================================================

Removing Unused input sections from the image.

    Removing main.o(.rev16_text), (4 bytes).
    Removing main.o(.revsh_text), (4 bytes).
    Removing main.o(.rrx_text), (6 bytes).
    Removing system_stm32f1xx.o(.rev16_text), (4 bytes).
    Removing system_stm32f1xx.o(.revsh_text), (4 bytes).
    Removing system_stm32f1xx.o(.rrx_text), (6 bytes).
    Removing system_stm32f1xx.o(i.SystemCoreClockUpdate), (104 bytes).
    Removing stm32f1xx_it.o(.rev16_text), (4 bytes).
    Removing stm32f1xx_it.o(.revsh_text), (4 bytes).
    Removing stm32f1xx_it.o(.rrx_text), (6 bytes).
    Removing lvgl_demo.o(.rev16_text), (4 bytes).
    Removing lvgl_demo.o(.revsh_text), (4 bytes).
    Removing lvgl_demo.o(.rrx_text), (6 bytes).
    Removing lvgl_demo.o(i.btn_event_handler), (88 bytes).
    Removing lvgl_demo.o(i.create_button_demo), (80 bytes).
    Removing delay.o(.rev16_text), (4 bytes).
    Removing delay.o(.revsh_text), (4 bytes).
    Removing delay.o(.rrx_text), (6 bytes).
    Removing sys.o(.rev16_text), (4 bytes).
    Removing sys.o(.revsh_text), (4 bytes).
    Removing sys.o(.rrx_text), (6 bytes).
    Removing sys.o(i.sys_intx_disable), (4 bytes).
    Removing sys.o(i.sys_intx_enable), (4 bytes).
    Removing sys.o(i.sys_msr_msp), (6 bytes).
    Removing sys.o(i.sys_nvic_set_vector_table), (16 bytes).
    Removing sys.o(i.sys_soft_reset), (36 bytes).
    Removing sys.o(i.sys_standby), (40 bytes).
    Removing sys.o(i.sys_wfi_set), (4 bytes).
    Removing usart.o(.rev16_text), (4 bytes).
    Removing usart.o(.revsh_text), (4 bytes).
    Removing usart.o(.rrx_text), (6 bytes).
    Removing usart.o(i._sys_command_string), (4 bytes).
    Removing usart.o(i._ttywrch), (2 bytes).
    Removing stm32f1xx_hal.o(.rev16_text), (4 bytes).
    Removing stm32f1xx_hal.o(.revsh_text), (4 bytes).
    Removing stm32f1xx_hal.o(.rrx_text), (6 bytes).
    Removing stm32f1xx_hal.o(i.HAL_DBGMCU_DisableDBGSleepMode), (16 bytes).
    Removing stm32f1xx_hal.o(i.HAL_DBGMCU_DisableDBGStandbyMode), (16 bytes).
    Removing stm32f1xx_hal.o(i.HAL_DBGMCU_DisableDBGStopMode), (16 bytes).
    Removing stm32f1xx_hal.o(i.HAL_DBGMCU_EnableDBGSleepMode), (16 bytes).
    Removing stm32f1xx_hal.o(i.HAL_DBGMCU_EnableDBGStandbyMode), (16 bytes).
    Removing stm32f1xx_hal.o(i.HAL_DBGMCU_EnableDBGStopMode), (16 bytes).
    Removing stm32f1xx_hal.o(i.HAL_DeInit), (32 bytes).
    Removing stm32f1xx_hal.o(i.HAL_GetDEVID), (16 bytes).
    Removing stm32f1xx_hal.o(i.HAL_GetHalVersion), (8 bytes).
    Removing stm32f1xx_hal.o(i.HAL_GetREVID), (12 bytes).
    Removing stm32f1xx_hal.o(i.HAL_GetTickFreq), (12 bytes).
    Removing stm32f1xx_hal.o(i.HAL_GetTickPrio), (12 bytes).
    Removing stm32f1xx_hal.o(i.HAL_GetUIDw0), (12 bytes).
    Removing stm32f1xx_hal.o(i.HAL_GetUIDw1), (12 bytes).
    Removing stm32f1xx_hal.o(i.HAL_GetUIDw2), (12 bytes).
    Removing stm32f1xx_hal.o(i.HAL_MspDeInit), (2 bytes).
    Removing stm32f1xx_hal.o(i.HAL_ResumeTick), (14 bytes).
    Removing stm32f1xx_hal.o(i.HAL_SetTickFreq), (36 bytes).
    Removing stm32f1xx_hal.o(i.HAL_SuspendTick), (14 bytes).
    Removing stm32f1xx_hal_cortex.o(.rev16_text), (4 bytes).
    Removing stm32f1xx_hal_cortex.o(.revsh_text), (4 bytes).
    Removing stm32f1xx_hal_cortex.o(.rrx_text), (6 bytes).
    Removing stm32f1xx_hal_cortex.o(i.HAL_NVIC_ClearPendingIRQ), (26 bytes).
    Removing stm32f1xx_hal_cortex.o(i.HAL_NVIC_DisableIRQ), (34 bytes).
    Removing stm32f1xx_hal_cortex.o(i.HAL_NVIC_GetActive), (36 bytes).
    Removing stm32f1xx_hal_cortex.o(i.HAL_NVIC_GetPendingIRQ), (36 bytes).
    Removing stm32f1xx_hal_cortex.o(i.HAL_NVIC_GetPriority), (84 bytes).
    Removing stm32f1xx_hal_cortex.o(i.HAL_NVIC_GetPriorityGrouping), (16 bytes).
    Removing stm32f1xx_hal_cortex.o(i.HAL_NVIC_SetPendingIRQ), (26 bytes).
    Removing stm32f1xx_hal_cortex.o(i.HAL_NVIC_SystemReset), (36 bytes).
    Removing stm32f1xx_hal_cortex.o(i.HAL_SYSTICK_Callback), (2 bytes).
    Removing stm32f1xx_hal_cortex.o(i.HAL_SYSTICK_IRQHandler), (8 bytes).
    Removing stm32f1xx_hal_dma.o(.rev16_text), (4 bytes).
    Removing stm32f1xx_hal_dma.o(.revsh_text), (4 bytes).
    Removing stm32f1xx_hal_dma.o(.rrx_text), (6 bytes).
    Removing stm32f1xx_hal_dma.o(i.DMA_SetConfig), (42 bytes).
    Removing stm32f1xx_hal_dma.o(i.HAL_DMA_Abort), (70 bytes).
    Removing stm32f1xx_hal_dma.o(i.HAL_DMA_DeInit), (128 bytes).
    Removing stm32f1xx_hal_dma.o(i.HAL_DMA_GetError), (4 bytes).
    Removing stm32f1xx_hal_dma.o(i.HAL_DMA_GetState), (6 bytes).
    Removing stm32f1xx_hal_dma.o(i.HAL_DMA_IRQHandler), (584 bytes).
    Removing stm32f1xx_hal_dma.o(i.HAL_DMA_Init), (124 bytes).
    Removing stm32f1xx_hal_dma.o(i.HAL_DMA_PollForTransfer), (984 bytes).
    Removing stm32f1xx_hal_dma.o(i.HAL_DMA_RegisterCallback), (74 bytes).
    Removing stm32f1xx_hal_dma.o(i.HAL_DMA_Start), (80 bytes).
    Removing stm32f1xx_hal_dma.o(i.HAL_DMA_Start_IT), (112 bytes).
    Removing stm32f1xx_hal_dma.o(i.HAL_DMA_UnRegisterCallback), (82 bytes).
    Removing stm32f1xx_hal_gpio.o(.rev16_text), (4 bytes).
    Removing stm32f1xx_hal_gpio.o(.revsh_text), (4 bytes).
    Removing stm32f1xx_hal_gpio.o(.rrx_text), (6 bytes).
    Removing stm32f1xx_hal_gpio.o(i.HAL_GPIO_DeInit), (252 bytes).
    Removing stm32f1xx_hal_gpio.o(i.HAL_GPIO_EXTI_Callback), (2 bytes).
    Removing stm32f1xx_hal_gpio.o(i.HAL_GPIO_EXTI_IRQHandler), (24 bytes).
    Removing stm32f1xx_hal_gpio.o(i.HAL_GPIO_LockPin), (34 bytes).
    Removing stm32f1xx_hal_gpio.o(i.HAL_GPIO_TogglePin), (16 bytes).
    Removing stm32f1xx_hal_gpio_ex.o(.rev16_text), (4 bytes).
    Removing stm32f1xx_hal_gpio_ex.o(.revsh_text), (4 bytes).
    Removing stm32f1xx_hal_gpio_ex.o(.rrx_text), (6 bytes).
    Removing stm32f1xx_hal_gpio_ex.o(i.HAL_GPIOEx_ConfigEventout), (20 bytes).
    Removing stm32f1xx_hal_gpio_ex.o(i.HAL_GPIOEx_DisableEventout), (16 bytes).
    Removing stm32f1xx_hal_gpio_ex.o(i.HAL_GPIOEx_EnableEventout), (16 bytes).
    Removing stm32f1xx_hal_pwr.o(.rev16_text), (4 bytes).
    Removing stm32f1xx_hal_pwr.o(.revsh_text), (4 bytes).
    Removing stm32f1xx_hal_pwr.o(.rrx_text), (6 bytes).
    Removing stm32f1xx_hal_pwr.o(i.HAL_PWR_ConfigPVD), (124 bytes).
    Removing stm32f1xx_hal_pwr.o(i.HAL_PWR_DeInit), (24 bytes).
    Removing stm32f1xx_hal_pwr.o(i.HAL_PWR_DisableBkUpAccess), (12 bytes).
    Removing stm32f1xx_hal_pwr.o(i.HAL_PWR_DisablePVD), (12 bytes).
    Removing stm32f1xx_hal_pwr.o(i.HAL_PWR_DisableSEVOnPend), (16 bytes).
    Removing stm32f1xx_hal_pwr.o(i.HAL_PWR_DisableSleepOnExit), (16 bytes).
    Removing stm32f1xx_hal_pwr.o(i.HAL_PWR_DisableWakeUpPin), (28 bytes).
    Removing stm32f1xx_hal_pwr.o(i.HAL_PWR_EnableBkUpAccess), (12 bytes).
    Removing stm32f1xx_hal_pwr.o(i.HAL_PWR_EnablePVD), (12 bytes).
    Removing stm32f1xx_hal_pwr.o(i.HAL_PWR_EnableSEVOnPend), (16 bytes).
    Removing stm32f1xx_hal_pwr.o(i.HAL_PWR_EnableSleepOnExit), (16 bytes).
    Removing stm32f1xx_hal_pwr.o(i.HAL_PWR_EnableWakeUpPin), (28 bytes).
    Removing stm32f1xx_hal_pwr.o(i.HAL_PWR_EnterSLEEPMode), (32 bytes).
    Removing stm32f1xx_hal_pwr.o(i.HAL_PWR_EnterSTANDBYMode), (32 bytes).
    Removing stm32f1xx_hal_pwr.o(i.HAL_PWR_EnterSTOPMode), (68 bytes).
    Removing stm32f1xx_hal_pwr.o(i.HAL_PWR_PVDCallback), (2 bytes).
    Removing stm32f1xx_hal_pwr.o(i.HAL_PWR_PVD_IRQHandler), (28 bytes).
    Removing stm32f1xx_hal_pwr.o(i.PWR_OverloadWfe), (6 bytes).
    Removing stm32f1xx_hal_rcc.o(.rev16_text), (4 bytes).
    Removing stm32f1xx_hal_rcc.o(.revsh_text), (4 bytes).
    Removing stm32f1xx_hal_rcc.o(.rrx_text), (6 bytes).
    Removing stm32f1xx_hal_rcc.o(i.HAL_RCC_CSSCallback), (2 bytes).
    Removing stm32f1xx_hal_rcc.o(i.HAL_RCC_DeInit), (216 bytes).
    Removing stm32f1xx_hal_rcc.o(i.HAL_RCC_DisableCSS), (12 bytes).
    Removing stm32f1xx_hal_rcc.o(i.HAL_RCC_EnableCSS), (12 bytes).
    Removing stm32f1xx_hal_rcc.o(i.HAL_RCC_GetClockConfig), (64 bytes).
    Removing stm32f1xx_hal_rcc.o(i.HAL_RCC_GetHCLKFreq), (12 bytes).
    Removing stm32f1xx_hal_rcc.o(i.HAL_RCC_GetOscConfig), (144 bytes).
    Removing stm32f1xx_hal_rcc.o(i.HAL_RCC_MCOConfig), (72 bytes).
    Removing stm32f1xx_hal_rcc.o(i.HAL_RCC_NMI_IRQHandler), (24 bytes).
    Removing stm32f1xx_hal_rcc_ex.o(.rev16_text), (4 bytes).
    Removing stm32f1xx_hal_rcc_ex.o(.revsh_text), (4 bytes).
    Removing stm32f1xx_hal_rcc_ex.o(.rrx_text), (6 bytes).
    Removing stm32f1xx_hal_rcc_ex.o(i.HAL_RCCEx_GetPeriphCLKConfig), (52 bytes).
    Removing stm32f1xx_hal_rcc_ex.o(i.HAL_RCCEx_GetPeriphCLKFreq), (212 bytes).
    Removing stm32f1xx_hal_rcc_ex.o(i.HAL_RCCEx_PeriphCLKConfig), (232 bytes).
    Removing stm32f1xx_hal_uart.o(.rev16_text), (4 bytes).
    Removing stm32f1xx_hal_uart.o(.revsh_text), (4 bytes).
    Removing stm32f1xx_hal_uart.o(.rrx_text), (6 bytes).
    Removing stm32f1xx_hal_uart.o(i.HAL_HalfDuplex_EnableReceiver), (50 bytes).
    Removing stm32f1xx_hal_uart.o(i.HAL_HalfDuplex_EnableTransmitter), (50 bytes).
    Removing stm32f1xx_hal_uart.o(i.HAL_HalfDuplex_Init), (108 bytes).
    Removing stm32f1xx_hal_uart.o(i.HAL_LIN_Init), (128 bytes).
    Removing stm32f1xx_hal_uart.o(i.HAL_LIN_SendBreak), (46 bytes).
    Removing stm32f1xx_hal_uart.o(i.HAL_MultiProcessor_EnterMuteMode), (46 bytes).
    Removing stm32f1xx_hal_uart.o(i.HAL_MultiProcessor_ExitMuteMode), (46 bytes).
    Removing stm32f1xx_hal_uart.o(i.HAL_MultiProcessor_Init), (142 bytes).
    Removing stm32f1xx_hal_uart.o(i.HAL_UART_Abort), (138 bytes).
    Removing stm32f1xx_hal_uart.o(i.HAL_UART_AbortCpltCallback), (2 bytes).
    Removing stm32f1xx_hal_uart.o(i.HAL_UART_AbortReceive), (88 bytes).
    Removing stm32f1xx_hal_uart.o(i.HAL_UART_AbortReceiveCpltCallback), (2 bytes).
    Removing stm32f1xx_hal_uart.o(i.HAL_UART_AbortReceive_IT), (92 bytes).
    Removing stm32f1xx_hal_uart.o(i.HAL_UART_AbortTransmit), (78 bytes).
    Removing stm32f1xx_hal_uart.o(i.HAL_UART_AbortTransmitCpltCallback), (2 bytes).
    Removing stm32f1xx_hal_uart.o(i.HAL_UART_AbortTransmit_IT), (84 bytes).
    Removing stm32f1xx_hal_uart.o(i.HAL_UART_Abort_IT), (172 bytes).
    Removing stm32f1xx_hal_uart.o(i.HAL_UART_DMAPause), (102 bytes).
    Removing stm32f1xx_hal_uart.o(i.HAL_UART_DMAResume), (94 bytes).
    Removing stm32f1xx_hal_uart.o(i.HAL_UART_DMAStop), (88 bytes).
    Removing stm32f1xx_hal_uart.o(i.HAL_UART_DeInit), (50 bytes).
    Removing stm32f1xx_hal_uart.o(i.HAL_UART_GetError), (4 bytes).
    Removing stm32f1xx_hal_uart.o(i.HAL_UART_GetState), (10 bytes).
    Removing stm32f1xx_hal_uart.o(i.HAL_UART_MspDeInit), (2 bytes).
    Removing stm32f1xx_hal_uart.o(i.HAL_UART_MspInit), (2 bytes).
    Removing stm32f1xx_hal_uart.o(i.HAL_UART_Receive), (192 bytes).
    Removing stm32f1xx_hal_uart.o(i.HAL_UART_Receive_DMA), (152 bytes).
    Removing stm32f1xx_hal_uart.o(i.HAL_UART_RxCpltCallback), (2 bytes).
    Removing stm32f1xx_hal_uart.o(i.HAL_UART_RxHalfCpltCallback), (2 bytes).
    Removing stm32f1xx_hal_uart.o(i.HAL_UART_Transmit), (176 bytes).
    Removing stm32f1xx_hal_uart.o(i.HAL_UART_Transmit_DMA), (128 bytes).
    Removing stm32f1xx_hal_uart.o(i.HAL_UART_Transmit_IT), (62 bytes).
    Removing stm32f1xx_hal_uart.o(i.HAL_UART_TxHalfCpltCallback), (2 bytes).
    Removing stm32f1xx_hal_uart.o(i.UART_DMAError), (74 bytes).
    Removing stm32f1xx_hal_uart.o(i.UART_DMAReceiveCplt), (60 bytes).
    Removing stm32f1xx_hal_uart.o(i.UART_DMARxAbortCallback), (42 bytes).
    Removing stm32f1xx_hal_uart.o(i.UART_DMARxHalfCplt), (10 bytes).
    Removing stm32f1xx_hal_uart.o(i.UART_DMARxOnlyAbortCallback), (20 bytes).
    Removing stm32f1xx_hal_uart.o(i.UART_DMATransmitCplt), (46 bytes).
    Removing stm32f1xx_hal_uart.o(i.UART_DMATxAbortCallback), (42 bytes).
    Removing stm32f1xx_hal_uart.o(i.UART_DMATxHalfCplt), (10 bytes).
    Removing stm32f1xx_hal_uart.o(i.UART_DMATxOnlyAbortCallback), (20 bytes).
    Removing stm32f1xx_hal_uart.o(i.UART_EndTxTransfer), (18 bytes).
    Removing stm32f1xx_hal_uart.o(i.UART_WaitOnFlagUntilTimeout), (98 bytes).
    Removing stm32f1xx_hal_usart.o(.rev16_text), (4 bytes).
    Removing stm32f1xx_hal_usart.o(.revsh_text), (4 bytes).
    Removing stm32f1xx_hal_usart.o(.rrx_text), (6 bytes).
    Removing stm32f1xx_hal_usart.o(i.HAL_USART_Abort), (100 bytes).
    Removing stm32f1xx_hal_usart.o(i.HAL_USART_AbortCpltCallback), (2 bytes).
    Removing stm32f1xx_hal_usart.o(i.HAL_USART_Abort_IT), (168 bytes).
    Removing stm32f1xx_hal_usart.o(i.HAL_USART_DMAPause), (38 bytes).
    Removing stm32f1xx_hal_usart.o(i.HAL_USART_DMAResume), (38 bytes).
    Removing stm32f1xx_hal_usart.o(i.HAL_USART_DMAStop), (92 bytes).
    Removing stm32f1xx_hal_usart.o(i.HAL_USART_DeInit), (46 bytes).
    Removing stm32f1xx_hal_usart.o(i.HAL_USART_ErrorCallback), (2 bytes).
    Removing stm32f1xx_hal_usart.o(i.HAL_USART_GetError), (4 bytes).
    Removing stm32f1xx_hal_usart.o(i.HAL_USART_GetState), (6 bytes).
    Removing stm32f1xx_hal_usart.o(i.HAL_USART_IRQHandler), (324 bytes).
    Removing stm32f1xx_hal_usart.o(i.HAL_USART_Init), (84 bytes).
    Removing stm32f1xx_hal_usart.o(i.HAL_USART_MspDeInit), (2 bytes).
    Removing stm32f1xx_hal_usart.o(i.HAL_USART_MspInit), (2 bytes).
    Removing stm32f1xx_hal_usart.o(i.HAL_USART_Receive), (230 bytes).
    Removing stm32f1xx_hal_usart.o(i.HAL_USART_Receive_DMA), (200 bytes).
    Removing stm32f1xx_hal_usart.o(i.HAL_USART_Receive_IT), (80 bytes).
    Removing stm32f1xx_hal_usart.o(i.HAL_USART_RxCpltCallback), (2 bytes).
    Removing stm32f1xx_hal_usart.o(i.HAL_USART_RxHalfCpltCallback), (2 bytes).
    Removing stm32f1xx_hal_usart.o(i.HAL_USART_Transmit), (186 bytes).
    Removing stm32f1xx_hal_usart.o(i.HAL_USART_TransmitReceive), (274 bytes).
    Removing stm32f1xx_hal_usart.o(i.HAL_USART_TransmitReceive_DMA), (220 bytes).
    Removing stm32f1xx_hal_usart.o(i.HAL_USART_TransmitReceive_IT), (102 bytes).
    Removing stm32f1xx_hal_usart.o(i.HAL_USART_Transmit_DMA), (128 bytes).
    Removing stm32f1xx_hal_usart.o(i.HAL_USART_Transmit_IT), (62 bytes).
    Removing stm32f1xx_hal_usart.o(i.HAL_USART_TxCpltCallback), (2 bytes).
    Removing stm32f1xx_hal_usart.o(i.HAL_USART_TxHalfCpltCallback), (2 bytes).
    Removing stm32f1xx_hal_usart.o(i.HAL_USART_TxRxCpltCallback), (2 bytes).
    Removing stm32f1xx_hal_usart.o(i.USART_DMAAbortOnError), (16 bytes).
    Removing stm32f1xx_hal_usart.o(i.USART_DMAError), (80 bytes).
    Removing stm32f1xx_hal_usart.o(i.USART_DMAReceiveCplt), (106 bytes).
    Removing stm32f1xx_hal_usart.o(i.USART_DMARxAbortCallback), (38 bytes).
    Removing stm32f1xx_hal_usart.o(i.USART_DMARxHalfCplt), (10 bytes).
    Removing stm32f1xx_hal_usart.o(i.USART_DMATransmitCplt), (62 bytes).
    Removing stm32f1xx_hal_usart.o(i.USART_DMATxAbortCallback), (38 bytes).
    Removing stm32f1xx_hal_usart.o(i.USART_DMATxHalfCplt), (10 bytes).
    Removing stm32f1xx_hal_usart.o(i.USART_EndRxTransfer), (28 bytes).
    Removing stm32f1xx_hal_usart.o(i.USART_EndTxTransfer), (18 bytes).
    Removing stm32f1xx_hal_usart.o(i.USART_Receive_IT), (176 bytes).
    Removing stm32f1xx_hal_usart.o(i.USART_SetConfig), (212 bytes).
    Removing stm32f1xx_hal_usart.o(i.USART_TransmitReceive_IT), (232 bytes).
    Removing stm32f1xx_hal_usart.o(i.USART_Transmit_IT), (98 bytes).
    Removing stm32f1xx_hal_usart.o(i.USART_WaitOnFlagUntilTimeout), (114 bytes).
    Removing stm32f1xx_hal_tim.o(.rev16_text), (4 bytes).
    Removing stm32f1xx_hal_tim.o(.revsh_text), (4 bytes).
    Removing stm32f1xx_hal_tim.o(.rrx_text), (6 bytes).
    Removing stm32f1xx_hal_tim.o(i.HAL_TIM_Base_DeInit), (92 bytes).
    Removing stm32f1xx_hal_tim.o(i.HAL_TIM_Base_GetState), (6 bytes).
    Removing stm32f1xx_hal_tim.o(i.HAL_TIM_Base_MspDeInit), (2 bytes).
    Removing stm32f1xx_hal_tim.o(i.HAL_TIM_Base_Start), (100 bytes).
    Removing stm32f1xx_hal_tim.o(i.HAL_TIM_Base_Start_DMA), (172 bytes).
    Removing stm32f1xx_hal_tim.o(i.HAL_TIM_Base_Stop), (38 bytes).
    Removing stm32f1xx_hal_tim.o(i.HAL_TIM_Base_Stop_DMA), (58 bytes).
    Removing stm32f1xx_hal_tim.o(i.HAL_TIM_Base_Stop_IT), (48 bytes).
    Removing stm32f1xx_hal_tim.o(i.HAL_TIM_ConfigClockSource), (214 bytes).
    Removing stm32f1xx_hal_tim.o(i.HAL_TIM_ConfigOCrefClear), (210 bytes).
    Removing stm32f1xx_hal_tim.o(i.HAL_TIM_ConfigTI1Input), (16 bytes).
    Removing stm32f1xx_hal_tim.o(i.HAL_TIM_DMABurstState), (6 bytes).
    Removing stm32f1xx_hal_tim.o(i.HAL_TIM_DMABurst_MultiReadStart), (324 bytes).
    Removing stm32f1xx_hal_tim.o(i.HAL_TIM_DMABurst_MultiWriteStart), (324 bytes).
    Removing stm32f1xx_hal_tim.o(i.HAL_TIM_DMABurst_ReadStart), (18 bytes).
    Removing stm32f1xx_hal_tim.o(i.HAL_TIM_DMABurst_ReadStop), (102 bytes).
    Removing stm32f1xx_hal_tim.o(i.HAL_TIM_DMABurst_WriteStart), (18 bytes).
    Removing stm32f1xx_hal_tim.o(i.HAL_TIM_DMABurst_WriteStop), (102 bytes).
    Removing stm32f1xx_hal_tim.o(i.HAL_TIM_Encoder_DeInit), (76 bytes).
    Removing stm32f1xx_hal_tim.o(i.HAL_TIM_Encoder_GetState), (6 bytes).
    Removing stm32f1xx_hal_tim.o(i.HAL_TIM_Encoder_Init), (164 bytes).
    Removing stm32f1xx_hal_tim.o(i.HAL_TIM_Encoder_MspDeInit), (2 bytes).
    Removing stm32f1xx_hal_tim.o(i.HAL_TIM_Encoder_MspInit), (2 bytes).
    Removing stm32f1xx_hal_tim.o(i.HAL_TIM_Encoder_Start), (146 bytes).
    Removing stm32f1xx_hal_tim.o(i.HAL_TIM_Encoder_Start_DMA), (444 bytes).
    Removing stm32f1xx_hal_tim.o(i.HAL_TIM_Encoder_Start_IT), (188 bytes).
    Removing stm32f1xx_hal_tim.o(i.HAL_TIM_Encoder_Stop), (102 bytes).
    Removing stm32f1xx_hal_tim.o(i.HAL_TIM_Encoder_Stop_DMA), (170 bytes).
    Removing stm32f1xx_hal_tim.o(i.HAL_TIM_Encoder_Stop_IT), (144 bytes).
    Removing stm32f1xx_hal_tim.o(i.HAL_TIM_ErrorCallback), (2 bytes).
    Removing stm32f1xx_hal_tim.o(i.HAL_TIM_GenerateEvent), (38 bytes).
    Removing stm32f1xx_hal_tim.o(i.HAL_TIM_GetActiveChannel), (4 bytes).
    Removing stm32f1xx_hal_tim.o(i.HAL_TIM_GetChannelState), (34 bytes).
    Removing stm32f1xx_hal_tim.o(i.HAL_TIM_IC_CaptureCallback), (2 bytes).
    Removing stm32f1xx_hal_tim.o(i.HAL_TIM_IC_CaptureHalfCpltCallback), (2 bytes).
    Removing stm32f1xx_hal_tim.o(i.HAL_TIM_IC_DeInit), (92 bytes).
    Removing stm32f1xx_hal_tim.o(i.HAL_TIM_IC_GetState), (6 bytes).
    Removing stm32f1xx_hal_tim.o(i.HAL_TIM_IC_MspDeInit), (2 bytes).
    Removing stm32f1xx_hal_tim.o(i.HAL_TIM_IC_MspInit), (2 bytes).
    Removing stm32f1xx_hal_tim.o(i.HAL_TIM_IC_Start), (144 bytes).
    Removing stm32f1xx_hal_tim.o(i.HAL_TIM_IC_Start_DMA), (420 bytes).
    Removing stm32f1xx_hal_tim.o(i.HAL_TIM_IC_Stop), (82 bytes).
    Removing stm32f1xx_hal_tim.o(i.HAL_TIM_IC_Stop_DMA), (156 bytes).
    Removing stm32f1xx_hal_tim.o(i.HAL_TIM_IC_Stop_IT), (134 bytes).
    Removing stm32f1xx_hal_tim.o(i.HAL_TIM_OC_ConfigChannel), (76 bytes).
    Removing stm32f1xx_hal_tim.o(i.HAL_TIM_OC_DeInit), (92 bytes).
    Removing stm32f1xx_hal_tim.o(i.HAL_TIM_OC_GetState), (6 bytes).
    Removing stm32f1xx_hal_tim.o(i.HAL_TIM_OC_Init), (90 bytes).
    Removing stm32f1xx_hal_tim.o(i.HAL_TIM_OC_MspDeInit), (2 bytes).
    Removing stm32f1xx_hal_tim.o(i.HAL_TIM_OC_MspInit), (2 bytes).
    Removing stm32f1xx_hal_tim.o(i.HAL_TIM_OC_Start), (188 bytes).
    Removing stm32f1xx_hal_tim.o(i.HAL_TIM_OC_Start_DMA), (424 bytes).
    Removing stm32f1xx_hal_tim.o(i.HAL_TIM_OC_Start_IT), (240 bytes).
    Removing stm32f1xx_hal_tim.o(i.HAL_TIM_OC_Stop), (124 bytes).
    Removing stm32f1xx_hal_tim.o(i.HAL_TIM_OC_Stop_DMA), (192 bytes).
    Removing stm32f1xx_hal_tim.o(i.HAL_TIM_OC_Stop_IT), (172 bytes).
    Removing stm32f1xx_hal_tim.o(i.HAL_TIM_OnePulse_ConfigChannel), (218 bytes).
    Removing stm32f1xx_hal_tim.o(i.HAL_TIM_OnePulse_DeInit), (76 bytes).
    Removing stm32f1xx_hal_tim.o(i.HAL_TIM_OnePulse_GetState), (6 bytes).
    Removing stm32f1xx_hal_tim.o(i.HAL_TIM_OnePulse_Init), (86 bytes).
    Removing stm32f1xx_hal_tim.o(i.HAL_TIM_OnePulse_MspDeInit), (2 bytes).
    Removing stm32f1xx_hal_tim.o(i.HAL_TIM_OnePulse_MspInit), (2 bytes).
    Removing stm32f1xx_hal_tim.o(i.HAL_TIM_OnePulse_Start), (112 bytes).
    Removing stm32f1xx_hal_tim.o(i.HAL_TIM_OnePulse_Start_IT), (132 bytes).
    Removing stm32f1xx_hal_tim.o(i.HAL_TIM_OnePulse_Stop), (112 bytes).
    Removing stm32f1xx_hal_tim.o(i.HAL_TIM_OnePulse_Stop_IT), (132 bytes).
    Removing stm32f1xx_hal_tim.o(i.HAL_TIM_PWM_ConfigChannel), (198 bytes).
    Removing stm32f1xx_hal_tim.o(i.HAL_TIM_PWM_DeInit), (92 bytes).
    Removing stm32f1xx_hal_tim.o(i.HAL_TIM_PWM_GetState), (6 bytes).
    Removing stm32f1xx_hal_tim.o(i.HAL_TIM_PWM_Init), (90 bytes).
    Removing stm32f1xx_hal_tim.o(i.HAL_TIM_PWM_MspDeInit), (2 bytes).
    Removing stm32f1xx_hal_tim.o(i.HAL_TIM_PWM_MspInit), (2 bytes).
    Removing stm32f1xx_hal_tim.o(i.HAL_TIM_PWM_PulseFinishedHalfCpltCallback), (2 bytes).
    Removing stm32f1xx_hal_tim.o(i.HAL_TIM_PWM_Start), (188 bytes).
    Removing stm32f1xx_hal_tim.o(i.HAL_TIM_PWM_Start_DMA), (424 bytes).
    Removing stm32f1xx_hal_tim.o(i.HAL_TIM_PWM_Start_IT), (240 bytes).
    Removing stm32f1xx_hal_tim.o(i.HAL_TIM_PWM_Stop), (124 bytes).
    Removing stm32f1xx_hal_tim.o(i.HAL_TIM_PWM_Stop_DMA), (192 bytes).
    Removing stm32f1xx_hal_tim.o(i.HAL_TIM_PWM_Stop_IT), (172 bytes).
    Removing stm32f1xx_hal_tim.o(i.HAL_TIM_PeriodElapsedCallback), (2 bytes).
    Removing stm32f1xx_hal_tim.o(i.HAL_TIM_PeriodElapsedHalfCpltCallback), (2 bytes).
    Removing stm32f1xx_hal_tim.o(i.HAL_TIM_SlaveConfigSynchro), (82 bytes).
    Removing stm32f1xx_hal_tim.o(i.HAL_TIM_SlaveConfigSynchro_IT), (82 bytes).
    Removing stm32f1xx_hal_tim.o(i.HAL_TIM_TriggerHalfCpltCallback), (2 bytes).
    Removing stm32f1xx_hal_tim.o(i.TIM_DMACaptureCplt), (110 bytes).
    Removing stm32f1xx_hal_tim.o(i.TIM_DMACaptureHalfCplt), (56 bytes).
    Removing stm32f1xx_hal_tim.o(i.TIM_DMADelayPulseCplt), (94 bytes).
    Removing stm32f1xx_hal_tim.o(i.TIM_DMADelayPulseHalfCplt), (56 bytes).
    Removing stm32f1xx_hal_tim.o(i.TIM_DMAError), (84 bytes).
    Removing stm32f1xx_hal_tim.o(i.TIM_DMAPeriodElapsedCplt), (22 bytes).
    Removing stm32f1xx_hal_tim.o(i.TIM_DMAPeriodElapsedHalfCplt), (10 bytes).
    Removing stm32f1xx_hal_tim.o(i.TIM_DMATriggerCplt), (22 bytes).
    Removing stm32f1xx_hal_tim.o(i.TIM_DMATriggerHalfCplt), (10 bytes).
    Removing stm32f1xx_hal_tim.o(i.TIM_ETR_SetConfig), (20 bytes).
    Removing stm32f1xx_hal_tim.o(i.TIM_ITRx_SetConfig), (16 bytes).
    Removing stm32f1xx_hal_tim.o(i.TIM_OC1_SetConfig), (96 bytes).
    Removing stm32f1xx_hal_tim.o(i.TIM_OC2_SetConfig), (108 bytes).
    Removing stm32f1xx_hal_tim.o(i.TIM_OC3_SetConfig), (104 bytes).
    Removing stm32f1xx_hal_tim.o(i.TIM_OC4_SetConfig), (80 bytes).
    Removing stm32f1xx_hal_tim.o(i.TIM_SlaveTimer_SetConfig), (134 bytes).
    Removing stm32f1xx_hal_tim.o(i.TIM_TI1_ConfigInputStage), (34 bytes).
    Removing stm32f1xx_hal_tim.o(i.TIM_TI2_ConfigInputStage), (36 bytes).
    Removing stm32f1xx_hal_tim_ex.o(.rev16_text), (4 bytes).
    Removing stm32f1xx_hal_tim_ex.o(.revsh_text), (4 bytes).
    Removing stm32f1xx_hal_tim_ex.o(.rrx_text), (6 bytes).
    Removing stm32f1xx_hal_tim_ex.o(i.HAL_TIMEx_CommutHalfCpltCallback), (2 bytes).
    Removing stm32f1xx_hal_tim_ex.o(i.HAL_TIMEx_ConfigBreakDeadTime), (84 bytes).
    Removing stm32f1xx_hal_tim_ex.o(i.HAL_TIMEx_ConfigCommutEvent), (112 bytes).
    Removing stm32f1xx_hal_tim_ex.o(i.HAL_TIMEx_ConfigCommutEvent_DMA), (144 bytes).
    Removing stm32f1xx_hal_tim_ex.o(i.HAL_TIMEx_ConfigCommutEvent_IT), (112 bytes).
    Removing stm32f1xx_hal_tim_ex.o(i.HAL_TIMEx_GetChannelNState), (34 bytes).
    Removing stm32f1xx_hal_tim_ex.o(i.HAL_TIMEx_HallSensor_DeInit), (76 bytes).
    Removing stm32f1xx_hal_tim_ex.o(i.HAL_TIMEx_HallSensor_GetState), (6 bytes).
    Removing stm32f1xx_hal_tim_ex.o(i.HAL_TIMEx_HallSensor_Init), (208 bytes).
    Removing stm32f1xx_hal_tim_ex.o(i.HAL_TIMEx_HallSensor_MspDeInit), (2 bytes).
    Removing stm32f1xx_hal_tim_ex.o(i.HAL_TIMEx_HallSensor_MspInit), (2 bytes).
    Removing stm32f1xx_hal_tim_ex.o(i.HAL_TIMEx_HallSensor_Start), (148 bytes).
    Removing stm32f1xx_hal_tim_ex.o(i.HAL_TIMEx_HallSensor_Start_DMA), (204 bytes).
    Removing stm32f1xx_hal_tim_ex.o(i.HAL_TIMEx_HallSensor_Start_IT), (160 bytes).
    Removing stm32f1xx_hal_tim_ex.o(i.HAL_TIMEx_HallSensor_Stop), (58 bytes).
    Removing stm32f1xx_hal_tim_ex.o(i.HAL_TIMEx_HallSensor_Stop_DMA), (70 bytes).
    Removing stm32f1xx_hal_tim_ex.o(i.HAL_TIMEx_HallSensor_Stop_IT), (68 bytes).
    Removing stm32f1xx_hal_tim_ex.o(i.HAL_TIMEx_MasterConfigSynchronization), (124 bytes).
    Removing stm32f1xx_hal_tim_ex.o(i.HAL_TIMEx_OCN_Start), (176 bytes).
    Removing stm32f1xx_hal_tim_ex.o(i.HAL_TIMEx_OCN_Start_DMA), (376 bytes).
    Removing stm32f1xx_hal_tim_ex.o(i.HAL_TIMEx_OCN_Start_IT), (228 bytes).
    Removing stm32f1xx_hal_tim_ex.o(i.HAL_TIMEx_OCN_Stop), (104 bytes).
    Removing stm32f1xx_hal_tim_ex.o(i.HAL_TIMEx_OCN_Stop_DMA), (158 bytes).
    Removing stm32f1xx_hal_tim_ex.o(i.HAL_TIMEx_OCN_Stop_IT), (160 bytes).
    Removing stm32f1xx_hal_tim_ex.o(i.HAL_TIMEx_OnePulseN_Start), (188 bytes).
    Removing stm32f1xx_hal_tim_ex.o(i.HAL_TIMEx_OnePulseN_Start_IT), (208 bytes).
    Removing stm32f1xx_hal_tim_ex.o(i.HAL_TIMEx_OnePulseN_Stop), (154 bytes).
    Removing stm32f1xx_hal_tim_ex.o(i.HAL_TIMEx_OnePulseN_Stop_IT), (176 bytes).
    Removing stm32f1xx_hal_tim_ex.o(i.HAL_TIMEx_PWMN_Start), (176 bytes).
    Removing stm32f1xx_hal_tim_ex.o(i.HAL_TIMEx_PWMN_Start_DMA), (376 bytes).
    Removing stm32f1xx_hal_tim_ex.o(i.HAL_TIMEx_PWMN_Start_IT), (228 bytes).
    Removing stm32f1xx_hal_tim_ex.o(i.HAL_TIMEx_PWMN_Stop), (104 bytes).
    Removing stm32f1xx_hal_tim_ex.o(i.HAL_TIMEx_PWMN_Stop_DMA), (158 bytes).
    Removing stm32f1xx_hal_tim_ex.o(i.HAL_TIMEx_PWMN_Stop_IT), (160 bytes).
    Removing stm32f1xx_hal_tim_ex.o(i.HAL_TIMEx_RemapConfig), (4 bytes).
    Removing stm32f1xx_hal_tim_ex.o(i.TIMEx_DMACommutationCplt), (16 bytes).
    Removing stm32f1xx_hal_tim_ex.o(i.TIMEx_DMACommutationHalfCplt), (16 bytes).
    Removing stm32f1xx_hal_tim_ex.o(i.TIM_CCxNChannelCmd), (26 bytes).
    Removing stm32f1xx_hal_tim_ex.o(i.TIM_DMADelayPulseNCplt), (94 bytes).
    Removing stm32f1xx_hal_tim_ex.o(i.TIM_DMAErrorCCxN), (62 bytes).
    Removing stm32f1xx_hal_spi.o(.rev16_text), (4 bytes).
    Removing stm32f1xx_hal_spi.o(.revsh_text), (4 bytes).
    Removing stm32f1xx_hal_spi.o(.rrx_text), (6 bytes).
    Removing stm32f1xx_hal_spi.o(i.HAL_SPI_Abort), (288 bytes).
    Removing stm32f1xx_hal_spi.o(i.HAL_SPI_AbortCpltCallback), (2 bytes).
    Removing stm32f1xx_hal_spi.o(i.HAL_SPI_Abort_IT), (288 bytes).
    Removing stm32f1xx_hal_spi.o(i.HAL_SPI_DMAPause), (38 bytes).
    Removing stm32f1xx_hal_spi.o(i.HAL_SPI_DMAResume), (38 bytes).
    Removing stm32f1xx_hal_spi.o(i.HAL_SPI_DMAStop), (66 bytes).
    Removing stm32f1xx_hal_spi.o(i.HAL_SPI_DeInit), (46 bytes).
    Removing stm32f1xx_hal_spi.o(i.HAL_SPI_ErrorCallback), (2 bytes).
    Removing stm32f1xx_hal_spi.o(i.HAL_SPI_GetError), (4 bytes).
    Removing stm32f1xx_hal_spi.o(i.HAL_SPI_GetState), (6 bytes).
    Removing stm32f1xx_hal_spi.o(i.HAL_SPI_IRQHandler), (224 bytes).
    Removing stm32f1xx_hal_spi.o(i.HAL_SPI_MspDeInit), (2 bytes).
    Removing stm32f1xx_hal_spi.o(i.HAL_SPI_MspInit), (2 bytes).
    Removing stm32f1xx_hal_spi.o(i.HAL_SPI_Receive), (514 bytes).
    Removing stm32f1xx_hal_spi.o(i.HAL_SPI_Receive_DMA), (272 bytes).
    Removing stm32f1xx_hal_spi.o(i.HAL_SPI_Receive_IT), (204 bytes).
    Removing stm32f1xx_hal_spi.o(i.HAL_SPI_RxCpltCallback), (2 bytes).
    Removing stm32f1xx_hal_spi.o(i.HAL_SPI_RxHalfCpltCallback), (2 bytes).
    Removing stm32f1xx_hal_spi.o(i.HAL_SPI_Transmit), (408 bytes).
    Removing stm32f1xx_hal_spi.o(i.HAL_SPI_TransmitReceive_DMA), (320 bytes).
    Removing stm32f1xx_hal_spi.o(i.HAL_SPI_TransmitReceive_IT), (192 bytes).
    Removing stm32f1xx_hal_spi.o(i.HAL_SPI_Transmit_DMA), (244 bytes).
    Removing stm32f1xx_hal_spi.o(i.HAL_SPI_Transmit_IT), (176 bytes).
    Removing stm32f1xx_hal_spi.o(i.HAL_SPI_TxCpltCallback), (2 bytes).
    Removing stm32f1xx_hal_spi.o(i.HAL_SPI_TxHalfCpltCallback), (2 bytes).
    Removing stm32f1xx_hal_spi.o(i.HAL_SPI_TxRxCpltCallback), (2 bytes).
    Removing stm32f1xx_hal_spi.o(i.HAL_SPI_TxRxHalfCpltCallback), (2 bytes).
    Removing stm32f1xx_hal_spi.o(i.SPI_2linesRxISR_16BIT), (64 bytes).
    Removing stm32f1xx_hal_spi.o(i.SPI_2linesRxISR_16BITCRC), (16 bytes).
    Removing stm32f1xx_hal_spi.o(i.SPI_2linesRxISR_8BIT), (64 bytes).
    Removing stm32f1xx_hal_spi.o(i.SPI_2linesRxISR_8BITCRC), (24 bytes).
    Removing stm32f1xx_hal_spi.o(i.SPI_2linesTxISR_16BIT), (74 bytes).
    Removing stm32f1xx_hal_spi.o(i.SPI_2linesTxISR_8BIT), (74 bytes).
    Removing stm32f1xx_hal_spi.o(i.SPI_AbortRx_ISR), (80 bytes).
    Removing stm32f1xx_hal_spi.o(i.SPI_AbortTx_ISR), (28 bytes).
    Removing stm32f1xx_hal_spi.o(i.SPI_CloseRxTx_ISR), (188 bytes).
    Removing stm32f1xx_hal_spi.o(i.SPI_CloseRx_ISR), (114 bytes).
    Removing stm32f1xx_hal_spi.o(i.SPI_CloseTx_ISR), (124 bytes).
    Removing stm32f1xx_hal_spi.o(i.SPI_DMAAbortOnError), (16 bytes).
    Removing stm32f1xx_hal_spi.o(i.SPI_DMAError), (34 bytes).
    Removing stm32f1xx_hal_spi.o(i.SPI_DMAHalfReceiveCplt), (10 bytes).
    Removing stm32f1xx_hal_spi.o(i.SPI_DMAHalfTransmitCplt), (10 bytes).
    Removing stm32f1xx_hal_spi.o(i.SPI_DMAHalfTransmitReceiveCplt), (10 bytes).
    Removing stm32f1xx_hal_spi.o(i.SPI_DMAReceiveCplt), (180 bytes).
    Removing stm32f1xx_hal_spi.o(i.SPI_DMARxAbortCallback), (98 bytes).
    Removing stm32f1xx_hal_spi.o(i.SPI_DMATransmitCplt), (100 bytes).
    Removing stm32f1xx_hal_spi.o(i.SPI_DMATransmitReceiveCplt), (164 bytes).
    Removing stm32f1xx_hal_spi.o(i.SPI_DMATxAbortCallback), (112 bytes).
    Removing stm32f1xx_hal_spi.o(i.SPI_EndRxTransaction), (92 bytes).
    Removing stm32f1xx_hal_spi.o(i.SPI_ISCRCErrorValid), (4 bytes).
    Removing stm32f1xx_hal_spi.o(i.SPI_RxISR_16BIT), (88 bytes).
    Removing stm32f1xx_hal_spi.o(i.SPI_RxISR_16BITCRC), (16 bytes).
    Removing stm32f1xx_hal_spi.o(i.SPI_RxISR_8BIT), (88 bytes).
    Removing stm32f1xx_hal_spi.o(i.SPI_RxISR_8BITCRC), (8 bytes).
    Removing stm32f1xx_hal_spi.o(i.SPI_TxISR_16BIT), (50 bytes).
    Removing stm32f1xx_hal_spi.o(i.SPI_TxISR_8BIT), (50 bytes).
    Removing led.o(.rev16_text), (4 bytes).
    Removing led.o(.revsh_text), (4 bytes).
    Removing led.o(.rrx_text), (6 bytes).
    Removing lcd.o(.rev16_text), (4 bytes).
    Removing lcd.o(.revsh_text), (4 bytes).
    Removing lcd.o(.rrx_text), (6 bytes).
    Removing lcd.o(i.lcd_display_off), (76 bytes).
    Removing lcd.o(i.lcd_display_on), (76 bytes).
    Removing lcd.o(i.lcd_draw_rectangle), (68 bytes).
    Removing lcd.o(i.lcd_fill_circle), (182 bytes).
    Removing lcd.o(i.lcd_pow), (16 bytes).
    Removing lcd.o(i.lcd_set_window), (908 bytes).
    Removing lcd.o(i.lcd_show_num), (116 bytes).
    Removing lcd.o(i.lcd_show_xnum), (138 bytes).
    Removing lcd.o(.data), (4 bytes).
    Removing key.o(.rev16_text), (4 bytes).
    Removing key.o(.revsh_text), (4 bytes).
    Removing key.o(.rrx_text), (6 bytes).
    Removing 24cxx.o(.rev16_text), (4 bytes).
    Removing 24cxx.o(.revsh_text), (4 bytes).
    Removing 24cxx.o(.rrx_text), (6 bytes).
    Removing 24cxx.o(i.at24cxx_check), (40 bytes).
    Removing myiic.o(.rev16_text), (4 bytes).
    Removing myiic.o(.revsh_text), (4 bytes).
    Removing myiic.o(.rrx_text), (6 bytes).
    Removing ctiic.o(.rev16_text), (4 bytes).
    Removing ctiic.o(.revsh_text), (4 bytes).
    Removing ctiic.o(.rrx_text), (6 bytes).
    Removing ft5206.o(.rev16_text), (4 bytes).
    Removing ft5206.o(.revsh_text), (4 bytes).
    Removing ft5206.o(.rrx_text), (6 bytes).
    Removing gt9xxx.o(.rev16_text), (4 bytes).
    Removing gt9xxx.o(.revsh_text), (4 bytes).
    Removing gt9xxx.o(.rrx_text), (6 bytes).
    Removing touch.o(.rev16_text), (4 bytes).
    Removing touch.o(.revsh_text), (4 bytes).
    Removing touch.o(.rrx_text), (6 bytes).
    Removing touch.o(i.tp_draw_big_point), (52 bytes).
    Removing remote.o(.rev16_text), (4 bytes).
    Removing remote.o(.revsh_text), (4 bytes).
    Removing remote.o(.rrx_text), (6 bytes).
    Removing spi.o(.rev16_text), (4 bytes).
    Removing spi.o(.revsh_text), (4 bytes).
    Removing spi.o(.rrx_text), (6 bytes).
    Removing spi_sdcard.o(.rev16_text), (4 bytes).
    Removing spi_sdcard.o(.revsh_text), (4 bytes).
    Removing spi_sdcard.o(.rrx_text), (6 bytes).
    Removing spi_sdcard.o(i.sd_get_cid), (34 bytes).
    Removing spi_sdcard.o(i.sd_get_status), (30 bytes).
    Removing norflash.o(.rev16_text), (4 bytes).
    Removing norflash.o(.revsh_text), (4 bytes).
    Removing norflash.o(.rrx_text), (6 bytes).
    Removing norflash.o(i.norflash_erase_chip), (52 bytes).
    Removing malloc.o(.rev16_text), (4 bytes).
    Removing malloc.o(.revsh_text), (4 bytes).
    Removing malloc.o(.rrx_text), (6 bytes).
    Removing malloc.o(i.my_mem_copy), (16 bytes).
    Removing malloc.o(i.myrealloc), (60 bytes).
    Removing diskio.o(.rev16_text), (4 bytes).
    Removing diskio.o(.revsh_text), (4 bytes).
    Removing diskio.o(.rrx_text), (6 bytes).
    Removing ff.o(i.create_partition), (302 bytes).
    Removing ff.o(i.dir_remove), (94 bytes).
    Removing ff.o(i.f_closedir), (20 bytes).
    Removing ff.o(i.f_getfree), (276 bytes).
    Removing ff.o(i.f_getlabel), (258 bytes).
    Removing ff.o(i.f_gets), (68 bytes).
    Removing ff.o(i.f_mkdir), (380 bytes).
    Removing ff.o(i.f_mkfs), (2896 bytes).
    Removing ff.o(i.f_printf), (530 bytes).
    Removing ff.o(i.f_putc), (30 bytes).
    Removing ff.o(i.f_puts), (36 bytes).
    Removing ff.o(i.f_rename), (454 bytes).
    Removing ff.o(i.f_setlabel), (392 bytes).
    Removing ff.o(i.f_stat), (96 bytes).
    Removing ff.o(i.f_truncate), (188 bytes).
    Removing ff.o(i.f_unlink), (228 bytes).
    Removing ff.o(i.putc_bfd), (58 bytes).
    Removing ff.o(i.putc_flush), (42 bytes).
    Removing ff.o(i.putc_init), (16 bytes).
    Removing ff.o(i.xsum32), (16 bytes).
    Removing ff.o(.constdata), (10 bytes).
    Removing ffsystem.o(.rev16_text), (4 bytes).
    Removing ffsystem.o(.revsh_text), (4 bytes).
    Removing ffsystem.o(.rrx_text), (6 bytes).
    Removing exfuns.o(.rev16_text), (4 bytes).
    Removing exfuns.o(.revsh_text), (4 bytes).
    Removing exfuns.o(.rrx_text), (6 bytes).
    Removing exfuns.o(i.exfuns_file_copy), (350 bytes).
    Removing exfuns.o(i.exfuns_folder_copy), (440 bytes).
    Removing exfuns.o(i.exfuns_get_folder_size), (204 bytes).
    Removing exfuns.o(i.exfuns_get_free), (46 bytes).
    Removing exfuns.o(i.exfuns_get_src_dname), (40 bytes).
    Removing fattester.o(.rev16_text), (4 bytes).
    Removing fattester.o(.revsh_text), (4 bytes).
    Removing fattester.o(.rrx_text), (6 bytes).
    Removing fattester.o(i.mf_close), (20 bytes).
    Removing fattester.o(i.mf_closedir), (12 bytes).
    Removing fattester.o(i.mf_fmkfs), (36 bytes).
    Removing fattester.o(i.mf_getlabel), (128 bytes).
    Removing fattester.o(i.mf_gets), (68 bytes).
    Removing fattester.o(i.mf_lseek), (16 bytes).
    Removing fattester.o(i.mf_mkdir), (4 bytes).
    Removing fattester.o(i.mf_mount), (20 bytes).
    Removing fattester.o(i.mf_open), (20 bytes).
    Removing fattester.o(i.mf_opendir), (12 bytes).
    Removing fattester.o(i.mf_putc), (20 bytes).
    Removing fattester.o(i.mf_puts), (20 bytes).
    Removing fattester.o(i.mf_read), (320 bytes).
    Removing fattester.o(i.mf_readdir), (568 bytes).
    Removing fattester.o(i.mf_rename), (4 bytes).
    Removing fattester.o(i.mf_scan_files), (104 bytes).
    Removing fattester.o(i.mf_setlabel), (84 bytes).
    Removing fattester.o(i.mf_showfree), (144 bytes).
    Removing fattester.o(i.mf_size), (12 bytes).
    Removing fattester.o(i.mf_tell), (12 bytes).
    Removing fattester.o(i.mf_unlink), (4 bytes).
    Removing fattester.o(i.mf_write), (192 bytes).
    Removing fattester.o(.constdata), (16 bytes).
    Removing myffunicode.o(.rev16_text), (4 bytes).
    Removing myffunicode.o(.revsh_text), (4 bytes).
    Removing myffunicode.o(.rrx_text), (6 bytes).
    Removing fonts.o(.rev16_text), (4 bytes).
    Removing fonts.o(.revsh_text), (4 bytes).
    Removing fonts.o(.rrx_text), (6 bytes).
    Removing fonts.o(i.fonts_progress_show), (128 bytes).
    Removing fonts.o(i.fonts_update_font), (484 bytes).
    Removing fonts.o(i.fonts_update_fontx), (240 bytes).
    Removing fonts.o(.constdata), (32 bytes).
    Removing fonts.o(.conststring), (176 bytes).
    Removing text.o(.rev16_text), (4 bytes).
    Removing text.o(.revsh_text), (4 bytes).
    Removing text.o(.rrx_text), (6 bytes).
    Removing text.o(i.text_show_string_middle), (92 bytes).
    Removing bmp.o(.rev16_text), (4 bytes).
    Removing bmp.o(.revsh_text), (4 bytes).
    Removing bmp.o(.rrx_text), (6 bytes).
    Removing bmp.o(i.minibmp_decode), (744 bytes).
    Removing gif.o(.rev16_text), (4 bytes).
    Removing gif.o(.revsh_text), (4 bytes).
    Removing gif.o(.rrx_text), (6 bytes).
    Removing gif.o(i.gif_quit), (12 bytes).
    Removing piclib.o(.rev16_text), (4 bytes).
    Removing piclib.o(.revsh_text), (4 bytes).
    Removing piclib.o(.rrx_text), (6 bytes).
    Removing piclib.o(i.piclib_alpha_blend), (36 bytes).
    Removing tjpgd.o(.rev16_text), (4 bytes).
    Removing tjpgd.o(.revsh_text), (4 bytes).
    Removing tjpgd.o(.rrx_text), (6 bytes).
    Removing tjpgd.o(i.jpg_get_size), (88 bytes).
    Removing usmart.o(.rev16_text), (4 bytes).
    Removing usmart.o(.revsh_text), (4 bytes).
    Removing usmart.o(.rrx_text), (6 bytes).
    Removing usmart_config.o(.rev16_text), (4 bytes).
    Removing usmart_config.o(.revsh_text), (4 bytes).
    Removing usmart_config.o(.rrx_text), (6 bytes).
    Removing usmart_port.o(.rev16_text), (4 bytes).
    Removing usmart_port.o(.revsh_text), (4 bytes).
    Removing usmart_port.o(.rrx_text), (6 bytes).
    Removing usmart_str.o(.rev16_text), (4 bytes).
    Removing usmart_str.o(.revsh_text), (4 bytes).
    Removing usmart_str.o(.rrx_text), (6 bytes).
    Removing lv_port_disp_template.o(.rev16_text), (4 bytes).
    Removing lv_port_disp_template.o(.revsh_text), (4 bytes).
    Removing lv_port_disp_template.o(.rrx_text), (6 bytes).
    Removing lv_port_indev_template.o(.rev16_text), (4 bytes).
    Removing lv_port_indev_template.o(.revsh_text), (4 bytes).
    Removing lv_port_indev_template.o(.rrx_text), (6 bytes).
    Removing lv_disp.o(i._lv_disp_get_refr_timer), (16 bytes).
    Removing lv_disp.o(i.lv_disp_clean_dcache), (28 bytes).
    Removing lv_disp.o(i.lv_disp_get_inactive_time), (54 bytes).
    Removing lv_disp.o(i.lv_disp_load_scr), (80 bytes).
    Removing lv_disp.o(i.lv_disp_set_bg_color), (66 bytes).
    Removing lv_disp.o(i.lv_disp_set_bg_image), (58 bytes).
    Removing lv_disp.o(i.lv_disp_set_bg_opa), (60 bytes).
    Removing lv_disp.o(i.lv_disp_set_theme), (72 bytes).
    Removing lv_disp.o(i.lv_disp_trig_activity), (24 bytes).
    Removing lv_disp.o(i.lv_scr_act), (14 bytes).
    Removing lv_disp.o(i.lv_scr_load_anim), (500 bytes).
    Removing lv_disp.o(i.opa_scale_anim), (8 bytes).
    Removing lv_disp.o(i.scr_anim_ready), (70 bytes).
    Removing lv_disp.o(i.scr_load_anim_start), (34 bytes).
    Removing lv_disp.o(i.set_x_anim), (6 bytes).
    Removing lv_disp.o(i.set_y_anim), (6 bytes).
    Removing lv_event.o(i.lv_event_get_cover_area), (16 bytes).
    Removing lv_event.o(i.lv_event_get_draw_part_dsc), (18 bytes).
    Removing lv_event.o(i.lv_event_get_hit_test_info), (14 bytes).
    Removing lv_event.o(i.lv_event_get_key), (20 bytes).
    Removing lv_event.o(i.lv_event_get_old_size), (14 bytes).
    Removing lv_event.o(i.lv_event_get_scroll_anim), (14 bytes).
    Removing lv_event.o(i.lv_event_get_self_size_info), (14 bytes).
    Removing lv_event.o(i.lv_event_register_id), (16 bytes).
    Removing lv_event.o(i.lv_event_set_cover_res), (18 bytes).
    Removing lv_event.o(i.lv_event_stop_bubbling), (10 bytes).
    Removing lv_event.o(i.lv_event_stop_processing), (10 bytes).
    Removing lv_event.o(i.lv_obj_get_event_user_data), (52 bytes).
    Removing lv_event.o(i.lv_obj_remove_event_cb), (114 bytes).
    Removing lv_event.o(i.lv_obj_remove_event_cb_with_user_data), (136 bytes).
    Removing lv_event.o(i.lv_obj_remove_event_dsc), (112 bytes).
    Removing lv_group.o(i.lv_group_create), (48 bytes).
    Removing lv_group.o(i.lv_group_del), (124 bytes).
    Removing lv_group.o(i.lv_group_focus_freeze), (18 bytes).
    Removing lv_group.o(i.lv_group_get_focus_cb), (8 bytes).
    Removing lv_group.o(i.lv_group_get_wrap), (12 bytes).
    Removing lv_group.o(i.lv_group_remove_all_objs), (74 bytes).
    Removing lv_group.o(i.lv_group_set_default), (12 bytes).
    Removing lv_group.o(i.lv_group_set_focus_cb), (4 bytes).
    Removing lv_group.o(i.lv_group_set_refocus_policy), (10 bytes).
    Removing lv_group.o(i.lv_group_set_wrap), (10 bytes).
    Removing lv_group.o(i.lv_group_swap_obj), (88 bytes).
    Removing lv_indev.o(i.lv_indev_enable), (16 bytes).
    Removing lv_indev.o(i.lv_indev_get_gesture_dir), (8 bytes).
    Removing lv_indev.o(i.lv_indev_get_key), (16 bytes).
    Removing lv_indev.o(i.lv_indev_get_read_timer), (8 bytes).
    Removing lv_indev.o(i.lv_indev_set_button_points), (12 bytes).
    Removing lv_indev.o(i.lv_indev_set_cursor), (66 bytes).
    Removing lv_indev.o(i.lv_indev_set_group), (16 bytes).
    Removing lv_indev_scroll.o(i.lv_indev_scroll_get_snap_dist), (42 bytes).
    Removing lv_obj.o(i.lv_deinit), (28 bytes).
    Removing lv_obj.o(i.lv_is_initialized), (12 bytes).
    Removing lv_obj.o(i.lv_obj_get_class), (4 bytes).
    Removing lv_obj.o(i.lv_obj_has_class), (18 bytes).
    Removing lv_obj.o(i.lv_obj_is_valid), (54 bytes).
    Removing lv_obj.o(i.obj_valid_child), (52 bytes).
    Removing lv_obj_draw.o(i.lv_obj_draw_part_check_type), (20 bytes).
    Removing lv_obj_pos.o(i.lv_obj_get_x2), (22 bytes).
    Removing lv_obj_pos.o(i.lv_obj_get_x_aligned), (6 bytes).
    Removing lv_obj_pos.o(i.lv_obj_get_y_aligned), (6 bytes).
    Removing lv_obj_pos.o(i.lv_obj_set_align), (6 bytes).
    Removing lv_obj_pos.o(i.lv_obj_set_content_height), (54 bytes).
    Removing lv_obj_pos.o(i.lv_obj_set_content_width), (54 bytes).
    Removing lv_obj_scroll.o(i.lv_obj_is_scrolling), (32 bytes).
    Removing lv_obj_scroll.o(i.lv_obj_scroll_to_view), (30 bytes).
    Removing lv_obj_scroll.o(i.lv_obj_update_snap), (36 bytes).
    Removing lv_obj_style.o(i.fade_anim_cb), (8 bytes).
    Removing lv_obj_style.o(i.fade_in_anim_ready), (12 bytes).
    Removing lv_obj_style.o(i.lv_obj_fade_in), (60 bytes).
    Removing lv_obj_style.o(i.lv_obj_fade_out), (64 bytes).
    Removing lv_obj_style_gen.o(i.lv_obj_set_style_anim_speed), (10 bytes).
    Removing lv_obj_style_gen.o(i.lv_obj_set_style_anim_time), (10 bytes).
    Removing lv_obj_style_gen.o(i.lv_obj_set_style_arc_color), (24 bytes).
    Removing lv_obj_style_gen.o(i.lv_obj_set_style_arc_color_filtered), (26 bytes).
    Removing lv_obj_style_gen.o(i.lv_obj_set_style_arc_img_src), (10 bytes).
    Removing lv_obj_style_gen.o(i.lv_obj_set_style_arc_opa), (10 bytes).
    Removing lv_obj_style_gen.o(i.lv_obj_set_style_arc_rounded), (10 bytes).
    Removing lv_obj_style_gen.o(i.lv_obj_set_style_arc_width), (12 bytes).
    Removing lv_obj_style_gen.o(i.lv_obj_set_style_bg_color_filtered), (26 bytes).
    Removing lv_obj_style_gen.o(i.lv_obj_set_style_bg_dither_mode), (10 bytes).
    Removing lv_obj_style_gen.o(i.lv_obj_set_style_bg_grad), (10 bytes).
    Removing lv_obj_style_gen.o(i.lv_obj_set_style_bg_grad_color), (24 bytes).
    Removing lv_obj_style_gen.o(i.lv_obj_set_style_bg_grad_color_filtered), (26 bytes).
    Removing lv_obj_style_gen.o(i.lv_obj_set_style_bg_grad_dir), (10 bytes).
    Removing lv_obj_style_gen.o(i.lv_obj_set_style_bg_grad_stop), (10 bytes).
    Removing lv_obj_style_gen.o(i.lv_obj_set_style_bg_img_opa), (10 bytes).
    Removing lv_obj_style_gen.o(i.lv_obj_set_style_bg_img_recolor), (24 bytes).
    Removing lv_obj_style_gen.o(i.lv_obj_set_style_bg_img_recolor_filtered), (26 bytes).
    Removing lv_obj_style_gen.o(i.lv_obj_set_style_bg_img_recolor_opa), (10 bytes).
    Removing lv_obj_style_gen.o(i.lv_obj_set_style_bg_img_tiled), (10 bytes).
    Removing lv_obj_style_gen.o(i.lv_obj_set_style_bg_main_stop), (10 bytes).
    Removing lv_obj_style_gen.o(i.lv_obj_set_style_bg_opa), (10 bytes).
    Removing lv_obj_style_gen.o(i.lv_obj_set_style_blend_mode), (10 bytes).
    Removing lv_obj_style_gen.o(i.lv_obj_set_style_border_color), (24 bytes).
    Removing lv_obj_style_gen.o(i.lv_obj_set_style_border_color_filtered), (26 bytes).
    Removing lv_obj_style_gen.o(i.lv_obj_set_style_border_opa), (10 bytes).
    Removing lv_obj_style_gen.o(i.lv_obj_set_style_border_post), (10 bytes).
    Removing lv_obj_style_gen.o(i.lv_obj_set_style_border_side), (10 bytes).
    Removing lv_obj_style_gen.o(i.lv_obj_set_style_clip_corner), (10 bytes).
    Removing lv_obj_style_gen.o(i.lv_obj_set_style_color_filter_dsc), (10 bytes).
    Removing lv_obj_style_gen.o(i.lv_obj_set_style_color_filter_opa), (10 bytes).
    Removing lv_obj_style_gen.o(i.lv_obj_set_style_img_opa), (10 bytes).
    Removing lv_obj_style_gen.o(i.lv_obj_set_style_img_recolor), (24 bytes).
    Removing lv_obj_style_gen.o(i.lv_obj_set_style_img_recolor_filtered), (26 bytes).
    Removing lv_obj_style_gen.o(i.lv_obj_set_style_img_recolor_opa), (10 bytes).
    Removing lv_obj_style_gen.o(i.lv_obj_set_style_line_color), (24 bytes).
    Removing lv_obj_style_gen.o(i.lv_obj_set_style_line_color_filtered), (26 bytes).
    Removing lv_obj_style_gen.o(i.lv_obj_set_style_line_dash_gap), (10 bytes).
    Removing lv_obj_style_gen.o(i.lv_obj_set_style_line_dash_width), (10 bytes).
    Removing lv_obj_style_gen.o(i.lv_obj_set_style_line_opa), (10 bytes).
    Removing lv_obj_style_gen.o(i.lv_obj_set_style_line_rounded), (10 bytes).
    Removing lv_obj_style_gen.o(i.lv_obj_set_style_line_width), (12 bytes).
    Removing lv_obj_style_gen.o(i.lv_obj_set_style_max_height), (12 bytes).
    Removing lv_obj_style_gen.o(i.lv_obj_set_style_max_width), (12 bytes).
    Removing lv_obj_style_gen.o(i.lv_obj_set_style_min_height), (12 bytes).
    Removing lv_obj_style_gen.o(i.lv_obj_set_style_opa), (12 bytes).
    Removing lv_obj_style_gen.o(i.lv_obj_set_style_outline_color), (24 bytes).
    Removing lv_obj_style_gen.o(i.lv_obj_set_style_outline_color_filtered), (26 bytes).
    Removing lv_obj_style_gen.o(i.lv_obj_set_style_outline_opa), (12 bytes).
    Removing lv_obj_style_gen.o(i.lv_obj_set_style_outline_pad), (12 bytes).
    Removing lv_obj_style_gen.o(i.lv_obj_set_style_outline_width), (12 bytes).
    Removing lv_obj_style_gen.o(i.lv_obj_set_style_pad_bottom), (12 bytes).
    Removing lv_obj_style_gen.o(i.lv_obj_set_style_pad_column), (12 bytes).
    Removing lv_obj_style_gen.o(i.lv_obj_set_style_pad_left), (12 bytes).
    Removing lv_obj_style_gen.o(i.lv_obj_set_style_pad_right), (12 bytes).
    Removing lv_obj_style_gen.o(i.lv_obj_set_style_pad_row), (12 bytes).
    Removing lv_obj_style_gen.o(i.lv_obj_set_style_pad_top), (12 bytes).
    Removing lv_obj_style_gen.o(i.lv_obj_set_style_shadow_color), (24 bytes).
    Removing lv_obj_style_gen.o(i.lv_obj_set_style_shadow_color_filtered), (26 bytes).
    Removing lv_obj_style_gen.o(i.lv_obj_set_style_shadow_ofs_x), (12 bytes).
    Removing lv_obj_style_gen.o(i.lv_obj_set_style_shadow_ofs_y), (12 bytes).
    Removing lv_obj_style_gen.o(i.lv_obj_set_style_shadow_opa), (12 bytes).
    Removing lv_obj_style_gen.o(i.lv_obj_set_style_shadow_spread), (12 bytes).
    Removing lv_obj_style_gen.o(i.lv_obj_set_style_shadow_width), (12 bytes).
    Removing lv_obj_style_gen.o(i.lv_obj_set_style_text_color_filtered), (26 bytes).
    Removing lv_obj_style_gen.o(i.lv_obj_set_style_text_decor), (12 bytes).
    Removing lv_obj_style_gen.o(i.lv_obj_set_style_text_letter_space), (12 bytes).
    Removing lv_obj_style_gen.o(i.lv_obj_set_style_text_line_space), (12 bytes).
    Removing lv_obj_style_gen.o(i.lv_obj_set_style_text_opa), (12 bytes).
    Removing lv_obj_style_gen.o(i.lv_obj_set_style_transform_angle), (12 bytes).
    Removing lv_obj_style_gen.o(i.lv_obj_set_style_transform_height), (12 bytes).
    Removing lv_obj_style_gen.o(i.lv_obj_set_style_transform_width), (12 bytes).
    Removing lv_obj_style_gen.o(i.lv_obj_set_style_transform_zoom), (12 bytes).
    Removing lv_obj_style_gen.o(i.lv_obj_set_style_transition), (10 bytes).
    Removing lv_obj_style_gen.o(i.lv_obj_set_style_translate_x), (12 bytes).
    Removing lv_obj_style_gen.o(i.lv_obj_set_style_translate_y), (12 bytes).
    Removing lv_obj_tree.o(i.lv_obj_clean), (54 bytes).
    Removing lv_obj_tree.o(i.lv_obj_del_anim_ready_cb), (6 bytes).
    Removing lv_obj_tree.o(i.lv_obj_del_async), (12 bytes).
    Removing lv_obj_tree.o(i.lv_obj_del_async_cb), (4 bytes).
    Removing lv_obj_tree.o(i.lv_obj_del_delayed), (48 bytes).
    Removing lv_obj_tree.o(i.lv_obj_swap), (142 bytes).
    Removing lv_obj_tree.o(i.lv_obj_tree_walk), (4 bytes).
    Removing lv_obj_tree.o(i.walk_core), (110 bytes).
    Removing lv_refr.o(i._lv_refr_set_disp_refreshing), (12 bytes).
    Removing lv_refr.o(i.lv_refr_now), (48 bytes).
    Removing lv_theme.o(i.lv_theme_get_color_secondary), (30 bytes).
    Removing lv_theme.o(i.lv_theme_get_font_large), (20 bytes).
    Removing lv_theme.o(i.lv_theme_get_font_normal), (20 bytes).
    Removing lv_theme.o(i.lv_theme_get_font_small), (20 bytes).
    Removing lv_theme.o(i.lv_theme_set_apply_cb), (4 bytes).
    Removing lv_theme.o(i.lv_theme_set_parent), (4 bytes).
    Removing lv_draw_mask.o(i.lv_draw_mask_apply_ids), (92 bytes).
    Removing lv_draw_mask.o(i.lv_draw_mask_fade), (180 bytes).
    Removing lv_draw_mask.o(i.lv_draw_mask_fade_init), (48 bytes).
    Removing lv_draw_mask.o(i.lv_draw_mask_get_cnt), (32 bytes).
    Removing lv_draw_mask.o(i.lv_draw_mask_map), (128 bytes).
    Removing lv_draw_mask.o(i.lv_draw_mask_map_init), (28 bytes).
    Removing lv_draw_mask.o(i.lv_draw_mask_polygon), (498 bytes).
    Removing lv_draw_mask.o(i.lv_draw_mask_polygon_init), (144 bytes).
    Removing lv_draw_triangle.o(i.lv_draw_polygon), (10 bytes).
    Removing lv_draw_triangle.o(i.lv_draw_triangle), (12 bytes).
    Removing lv_img_buf.o(i.lv_img_buf_alloc), (90 bytes).
    Removing lv_img_buf.o(i.lv_img_buf_free), (26 bytes).
    Removing lv_img_buf.o(i.lv_img_buf_get_img_size), (114 bytes).
    Removing lv_img_buf.o(i.lv_img_buf_set_palette), (120 bytes).
    Removing lv_img_buf.o(i.lv_img_buf_set_px_alpha), (184 bytes).
    Removing lv_img_buf.o(i.lv_img_buf_set_px_color), (260 bytes).
    Removing lv_img_cache.o(i.lv_img_cache_invalidate_src), (2 bytes).
    Removing lv_img_cache.o(i.lv_img_cache_set_size), (2 bytes).
    Removing lv_img_decoder.o(i.lv_img_decoder_delete), (28 bytes).
    Removing lv_img_decoder.o(i.lv_img_decoder_set_close_cb), (4 bytes).
    Removing lv_img_decoder.o(i.lv_img_decoder_set_info_cb), (4 bytes).
    Removing lv_img_decoder.o(i.lv_img_decoder_set_open_cb), (4 bytes).
    Removing lv_img_decoder.o(i.lv_img_decoder_set_read_line_cb), (4 bytes).
    Removing lv_draw_sw.o(i.lv_draw_sw_deinit_ctx), (8 bytes).
    Removing lv_draw_sw_gradient.o(i.lv_gradient_free_cache), (32 bytes).
    Removing lv_draw_sw_letter.o(.constdata), (8 bytes).
    Removing lv_flex.o(i.lv_style_set_flex_cross_place), (16 bytes).
    Removing lv_flex.o(i.lv_style_set_flex_flow), (16 bytes).
    Removing lv_flex.o(i.lv_style_set_flex_grow), (16 bytes).
    Removing lv_flex.o(i.lv_style_set_flex_main_place), (16 bytes).
    Removing lv_flex.o(i.lv_style_set_flex_track_place), (16 bytes).
    Removing lv_grid.o(i.lv_obj_set_grid_align), (26 bytes).
    Removing lv_grid.o(i.lv_obj_set_grid_cell), (90 bytes).
    Removing lv_grid.o(i.lv_obj_set_grid_dsc_array), (44 bytes).
    Removing lv_grid.o(i.lv_obj_set_style_grid_cell_column_pos), (16 bytes).
    Removing lv_grid.o(i.lv_obj_set_style_grid_cell_column_span), (16 bytes).
    Removing lv_grid.o(i.lv_obj_set_style_grid_cell_row_pos), (16 bytes).
    Removing lv_grid.o(i.lv_obj_set_style_grid_cell_row_span), (16 bytes).
    Removing lv_grid.o(i.lv_obj_set_style_grid_cell_x_align), (16 bytes).
    Removing lv_grid.o(i.lv_obj_set_style_grid_cell_y_align), (16 bytes).
    Removing lv_grid.o(i.lv_obj_set_style_grid_column_align), (16 bytes).
    Removing lv_grid.o(i.lv_obj_set_style_grid_column_dsc_array), (16 bytes).
    Removing lv_grid.o(i.lv_obj_set_style_grid_row_align), (16 bytes).
    Removing lv_grid.o(i.lv_obj_set_style_grid_row_dsc_array), (16 bytes).
    Removing lv_grid.o(i.lv_style_set_grid_cell_column_pos), (16 bytes).
    Removing lv_grid.o(i.lv_style_set_grid_cell_column_span), (16 bytes).
    Removing lv_grid.o(i.lv_style_set_grid_cell_row_pos), (16 bytes).
    Removing lv_grid.o(i.lv_style_set_grid_cell_row_span), (16 bytes).
    Removing lv_grid.o(i.lv_style_set_grid_cell_x_align), (16 bytes).
    Removing lv_grid.o(i.lv_style_set_grid_cell_y_align), (16 bytes).
    Removing lv_grid.o(i.lv_style_set_grid_column_align), (16 bytes).
    Removing lv_grid.o(i.lv_style_set_grid_column_dsc_array), (16 bytes).
    Removing lv_grid.o(i.lv_style_set_grid_row_align), (16 bytes).
    Removing lv_grid.o(i.lv_style_set_grid_row_dsc_array), (16 bytes).
    Removing lv_snapshot.o(i.lv_snapshot_buf_size_needed), (92 bytes).
    Removing lv_snapshot.o(i.lv_snapshot_free), (26 bytes).
    Removing lv_snapshot.o(i.lv_snapshot_take), (74 bytes).
    Removing lv_snapshot.o(i.lv_snapshot_take_to_buf), (304 bytes).
    Removing lv_theme_basic.o(i.lv_color_white), (40 bytes).
    Removing lv_theme_basic.o(i.lv_theme_basic_init), (96 bytes).
    Removing lv_theme_basic.o(i.lv_theme_basic_is_inited), (16 bytes).
    Removing lv_theme_basic.o(i.style_init), (604 bytes).
    Removing lv_theme_basic.o(i.style_init_reset), (20 bytes).
    Removing lv_theme_basic.o(i.theme_apply), (1192 bytes).
    Removing lv_theme_basic.o(.bss), (36 bytes).
    Removing lv_theme_basic.o(.data), (8 bytes).
    Removing lv_theme_mono.o(i.lv_color_black), (20 bytes).
    Removing lv_theme_mono.o(i.lv_color_make), (48 bytes).
    Removing lv_theme_mono.o(i.lv_color_white), (20 bytes).
    Removing lv_theme_mono.o(i.lv_style_set_pad_all), (38 bytes).
    Removing lv_theme_mono.o(i.lv_style_set_pad_gap), (22 bytes).
    Removing lv_theme_mono.o(i.lv_theme_mono_init), (108 bytes).
    Removing lv_theme_mono.o(i.lv_theme_mono_is_inited), (16 bytes).
    Removing lv_theme_mono.o(i.style_init), (808 bytes).
    Removing lv_theme_mono.o(i.style_init_reset), (20 bytes).
    Removing lv_theme_mono.o(i.theme_apply), (1720 bytes).
    Removing lv_theme_mono.o(.bss), (36 bytes).
    Removing lv_theme_mono.o(.data), (8 bytes).
    Removing lv_animimg.o(i.index_change), (24 bytes).
    Removing lv_animimg.o(i.lv_animimg_constructor), (56 bytes).
    Removing lv_animimg.o(i.lv_animimg_create), (24 bytes).
    Removing lv_animimg.o(i.lv_animimg_set_duration), (6 bytes).
    Removing lv_animimg.o(i.lv_animimg_set_repeat_count), (6 bytes).
    Removing lv_animimg.o(i.lv_animimg_set_src), (16 bytes).
    Removing lv_animimg.o(i.lv_animimg_start), (6 bytes).
    Removing lv_animimg.o(.constdata), (28 bytes).
    Removing lv_calendar.o(i.lv_calendar_create), (24 bytes).
    Removing lv_calendar.o(i.lv_calendar_get_btnmatrix), (4 bytes).
    Removing lv_calendar.o(i.lv_calendar_get_highlighted_dates), (4 bytes).
    Removing lv_calendar.o(i.lv_calendar_get_highlighted_dates_num), (4 bytes).
    Removing lv_calendar.o(i.lv_calendar_get_pressed_date), (82 bytes).
    Removing lv_calendar.o(i.lv_calendar_get_today_date), (4 bytes).
    Removing lv_calendar.o(i.lv_calendar_set_day_names), (28 bytes).
    Removing lv_calendar.o(i.lv_calendar_set_highlighted_dates), (12 bytes).
    Removing lv_calendar_header_arrow.o(i.lv_calendar_header_arrow_create), (24 bytes).
    Removing lv_calendar_header_dropdown.o(i.lv_calendar_header_dropdown_create), (24 bytes).
    Removing lv_chart.o(i.lv_chart_add_cursor), (38 bytes).
    Removing lv_chart.o(i.lv_chart_add_series), (150 bytes).
    Removing lv_chart.o(i.lv_chart_create), (24 bytes).
    Removing lv_chart.o(i.lv_chart_get_cursor_point), (8 bytes).
    Removing lv_chart.o(i.lv_chart_get_point_count), (6 bytes).
    Removing lv_chart.o(i.lv_chart_get_pressed_point), (6 bytes).
    Removing lv_chart.o(i.lv_chart_get_series_next), (12 bytes).
    Removing lv_chart.o(i.lv_chart_get_type), (10 bytes).
    Removing lv_chart.o(i.lv_chart_get_x_array), (8 bytes).
    Removing lv_chart.o(i.lv_chart_get_x_start_point), (8 bytes).
    Removing lv_chart.o(i.lv_chart_get_y_array), (8 bytes).
    Removing lv_chart.o(i.lv_chart_get_zoom_x), (6 bytes).
    Removing lv_chart.o(i.lv_chart_get_zoom_y), (6 bytes).
    Removing lv_chart.o(i.lv_chart_hide_series), (16 bytes).
    Removing lv_chart.o(i.lv_chart_refresh), (4 bytes).
    Removing lv_chart.o(i.lv_chart_remove_series), (44 bytes).
    Removing lv_chart.o(i.lv_chart_set_all_value), (38 bytes).
    Removing lv_chart.o(i.lv_chart_set_axis_tick), (60 bytes).
    Removing lv_chart.o(i.lv_chart_set_cursor_point), (42 bytes).
    Removing lv_chart.o(i.lv_chart_set_cursor_pos), (20 bytes).
    Removing lv_chart.o(i.lv_chart_set_div_line_count), (30 bytes).
    Removing lv_chart.o(i.lv_chart_set_ext_x_array), (46 bytes).
    Removing lv_chart.o(i.lv_chart_set_ext_y_array), (46 bytes).
    Removing lv_chart.o(i.lv_chart_set_next_value), (62 bytes).
    Removing lv_chart.o(i.lv_chart_set_next_value2), (84 bytes).
    Removing lv_chart.o(i.lv_chart_set_point_count), (118 bytes).
    Removing lv_chart.o(i.lv_chart_set_range), (66 bytes).
    Removing lv_chart.o(i.lv_chart_set_series_color), (18 bytes).
    Removing lv_chart.o(i.lv_chart_set_type), (132 bytes).
    Removing lv_chart.o(i.lv_chart_set_update_mode), (26 bytes).
    Removing lv_chart.o(i.lv_chart_set_value_by_id), (30 bytes).
    Removing lv_chart.o(i.lv_chart_set_value_by_id2), (50 bytes).
    Removing lv_chart.o(i.lv_chart_set_x_start_point), (16 bytes).
    Removing lv_chart.o(i.lv_chart_set_zoom_x), (42 bytes).
    Removing lv_chart.o(i.lv_chart_set_zoom_y), (42 bytes).
    Removing lv_chart.o(i.new_points_alloc), (180 bytes).
    Removing lv_colorwheel.o(i.lv_colorwheel_create), (32 bytes).
    Removing lv_colorwheel.o(i.lv_colorwheel_get_color_mode), (10 bytes).
    Removing lv_colorwheel.o(i.lv_colorwheel_get_color_mode_fixed), (10 bytes).
    Removing lv_colorwheel.o(i.lv_colorwheel_get_hsv), (4 bytes).
    Removing lv_colorwheel.o(i.lv_colorwheel_set_mode), (32 bytes).
    Removing lv_colorwheel.o(i.lv_colorwheel_set_mode_fixed), (12 bytes).
    Removing lv_colorwheel.o(i.lv_colorwheel_set_rgb), (96 bytes).
    Removing lv_imgbtn.o(i.draw_main), (422 bytes).
    Removing lv_imgbtn.o(i.get_state), (54 bytes).
    Removing lv_imgbtn.o(i.lv_imgbtn_constructor), (42 bytes).
    Removing lv_imgbtn.o(i.lv_imgbtn_create), (24 bytes).
    Removing lv_imgbtn.o(i.lv_imgbtn_event), (168 bytes).
    Removing lv_imgbtn.o(i.lv_imgbtn_get_src_left), (8 bytes).
    Removing lv_imgbtn.o(i.lv_imgbtn_get_src_middle), (8 bytes).
    Removing lv_imgbtn.o(i.lv_imgbtn_get_src_right), (8 bytes).
    Removing lv_imgbtn.o(i.lv_imgbtn_set_src), (20 bytes).
    Removing lv_imgbtn.o(i.lv_imgbtn_set_state), (68 bytes).
    Removing lv_imgbtn.o(i.refr_img), (78 bytes).
    Removing lv_imgbtn.o(i.suggest_state), (58 bytes).
    Removing lv_imgbtn.o(.constdata), (28 bytes).
    Removing lv_keyboard.o(i.lv_btnmatrix_get_popovers), (10 bytes).
    Removing lv_keyboard.o(i.lv_keyboard_create), (24 bytes).
    Removing lv_keyboard.o(i.lv_keyboard_get_mode), (6 bytes).
    Removing lv_keyboard.o(i.lv_keyboard_get_textarea), (4 bytes).
    Removing lv_keyboard.o(i.lv_keyboard_set_map), (28 bytes).
    Removing lv_keyboard.o(i.lv_keyboard_set_mode), (18 bytes).
    Removing lv_keyboard.o(i.lv_keyboard_set_popovers), (22 bytes).
    Removing lv_keyboard.o(i.lv_keyboard_set_textarea), (38 bytes).
    Removing lv_led.o(i.lv_led_create), (24 bytes).
    Removing lv_led.o(i.lv_led_get_brightness), (6 bytes).
    Removing lv_led.o(i.lv_led_off), (6 bytes).
    Removing lv_led.o(i.lv_led_on), (6 bytes).
    Removing lv_led.o(i.lv_led_set_brightness), (32 bytes).
    Removing lv_led.o(i.lv_led_set_color), (14 bytes).
    Removing lv_led.o(i.lv_led_toggle), (16 bytes).
    Removing lv_list.o(i.lv_list_add_btn), (96 bytes).
    Removing lv_list.o(i.lv_list_add_text), (52 bytes).
    Removing lv_list.o(i.lv_list_create), (32 bytes).
    Removing lv_list.o(i.lv_list_get_btn_text), (60 bytes).
    Removing lv_menu.o(i.lv_menu_cont_create), (24 bytes).
    Removing lv_menu.o(i.lv_menu_create), (24 bytes).
    Removing lv_menu.o(i.lv_menu_get_cur_main_page), (4 bytes).
    Removing lv_menu.o(i.lv_menu_get_cur_sidebar_page), (4 bytes).
    Removing lv_menu.o(i.lv_menu_get_main_header), (4 bytes).
    Removing lv_menu.o(i.lv_menu_get_main_header_back_btn), (4 bytes).
    Removing lv_menu.o(i.lv_menu_get_sidebar_header), (4 bytes).
    Removing lv_menu.o(i.lv_menu_get_sidebar_header_back_btn), (4 bytes).
    Removing lv_menu.o(i.lv_menu_load_page_event_cb), (86 bytes).
    Removing lv_menu.o(i.lv_menu_obj_del_event_cb), (14 bytes).
    Removing lv_menu.o(i.lv_menu_page_create), (28 bytes).
    Removing lv_menu.o(i.lv_menu_refr), (62 bytes).
    Removing lv_menu.o(i.lv_menu_refr_sidebar_header_mode), (108 bytes).
    Removing lv_menu.o(i.lv_menu_section_create), (24 bytes).
    Removing lv_menu.o(i.lv_menu_separator_create), (24 bytes).
    Removing lv_menu.o(i.lv_menu_set_load_page_event), (96 bytes).
    Removing lv_menu.o(i.lv_menu_set_mode_header), (50 bytes).
    Removing lv_menu.o(i.lv_menu_set_mode_root_back_btn), (26 bytes).
    Removing lv_menu.o(i.lv_menu_set_sidebar_page), (304 bytes).
    Removing lv_meter.o(i.inv_arc), (170 bytes).
    Removing lv_meter.o(i.inv_line), (372 bytes).
    Removing lv_meter.o(i.lv_meter_add_arc), (68 bytes).
    Removing lv_meter.o(i.lv_meter_add_needle_img), (66 bytes).
    Removing lv_meter.o(i.lv_meter_add_needle_line), (68 bytes).
    Removing lv_meter.o(i.lv_meter_add_scale), (56 bytes).
    Removing lv_meter.o(i.lv_meter_add_scale_lines), (72 bytes).
    Removing lv_meter.o(i.lv_meter_create), (24 bytes).
    Removing lv_meter.o(i.lv_meter_set_indicator_end_value), (64 bytes).
    Removing lv_meter.o(i.lv_meter_set_indicator_start_value), (64 bytes).
    Removing lv_meter.o(i.lv_meter_set_indicator_value), (94 bytes).
    Removing lv_meter.o(i.lv_meter_set_scale_major_ticks), (26 bytes).
    Removing lv_meter.o(i.lv_meter_set_scale_range), (20 bytes).
    Removing lv_meter.o(i.lv_meter_set_scale_ticks), (22 bytes).
    Removing lv_msgbox.o(i.lv_msgbox_close), (30 bytes).
    Removing lv_msgbox.o(i.lv_msgbox_close_async), (30 bytes).
    Removing lv_msgbox.o(i.lv_msgbox_create), (544 bytes).
    Removing lv_msgbox.o(i.lv_msgbox_get_active_btn), (6 bytes).
    Removing lv_msgbox.o(i.lv_msgbox_get_active_btn_text), (22 bytes).
    Removing lv_msgbox.o(i.lv_msgbox_get_btns), (4 bytes).
    Removing lv_msgbox.o(i.lv_msgbox_get_close_btn), (4 bytes).
    Removing lv_msgbox.o(i.lv_msgbox_get_content), (4 bytes).
    Removing lv_msgbox.o(i.lv_msgbox_get_text), (4 bytes).
    Removing lv_msgbox.o(i.lv_msgbox_get_title), (4 bytes).
    Removing lv_msgbox.o(i.lv_obj_get_style_text_font), (8 bytes).
    Removing lv_msgbox.o(i.lv_pct), (16 bytes).
    Removing lv_msgbox.o(i.msgbox_close_click_event_cb), (18 bytes).
    Removing lv_span.o(i._lv_txt_is_break_char), (60 bytes).
    Removing lv_span.o(i.convert_indent_pct), (62 bytes).
    Removing lv_span.o(i.lv_draw_span), (1648 bytes).
    Removing lv_span.o(i.lv_get_snippet), (16 bytes).
    Removing lv_span.o(i.lv_obj_get_style_text_align), (14 bytes).
    Removing lv_span.o(i.lv_obj_get_style_text_line_space), (14 bytes).
    Removing lv_span.o(i.lv_obj_get_style_width), (14 bytes).
    Removing lv_span.o(i.lv_span_get_style_text_font), (42 bytes).
    Removing lv_span.o(i.lv_span_get_style_text_letter_space), (44 bytes).
    Removing lv_span.o(i.lv_span_set_text), (76 bytes).
    Removing lv_span.o(i.lv_span_set_text_static), (44 bytes).
    Removing lv_span.o(i.lv_spangroup_constructor), (46 bytes).
    Removing lv_span.o(i.lv_spangroup_create), (24 bytes).
    Removing lv_span.o(i.lv_spangroup_del_span), (90 bytes).
    Removing lv_span.o(i.lv_spangroup_destructor), (58 bytes).
    Removing lv_span.o(i.lv_spangroup_event), (296 bytes).
    Removing lv_span.o(i.lv_spangroup_get_align), (6 bytes).
    Removing lv_span.o(i.lv_spangroup_get_child), (66 bytes).
    Removing lv_span.o(i.lv_spangroup_get_child_cnt), (12 bytes).
    Removing lv_span.o(i.lv_spangroup_get_expand_height), (404 bytes).
    Removing lv_span.o(i.lv_spangroup_get_expand_width), (176 bytes).
    Removing lv_span.o(i.lv_spangroup_get_indent), (6 bytes).
    Removing lv_span.o(i.lv_spangroup_get_max_line_h), (54 bytes).
    Removing lv_span.o(i.lv_spangroup_get_mode), (10 bytes).
    Removing lv_span.o(i.lv_spangroup_get_overflow), (10 bytes).
    Removing lv_span.o(i.lv_spangroup_new_span), (56 bytes).
    Removing lv_span.o(i.lv_spangroup_refr_mode), (156 bytes).
    Removing lv_span.o(i.lv_spangroup_set_align), (6 bytes).
    Removing lv_span.o(i.lv_spangroup_set_indent), (16 bytes).
    Removing lv_span.o(i.lv_spangroup_set_mode), (16 bytes).
    Removing lv_span.o(i.lv_spangroup_set_overflow), (26 bytes).
    Removing lv_span.o(i.lv_txt_get_snippet), (66 bytes).
    Removing lv_span.o(i.refresh_self_size), (32 bytes).
    Removing lv_span.o(i.span_text_check), (16 bytes).
    Removing lv_span.o(.bss), (1284 bytes).
    Removing lv_span.o(.constdata), (28 bytes).
    Removing lv_spinbox.o(i.lv_spinbox_create), (24 bytes).
    Removing lv_spinbox.o(i.lv_spinbox_get_rollover), (10 bytes).
    Removing lv_spinbox.o(i.lv_spinbox_get_step), (4 bytes).
    Removing lv_spinbox.o(i.lv_spinbox_get_value), (4 bytes).
    Removing lv_spinbox.o(i.lv_spinbox_set_digit_format), (120 bytes).
    Removing lv_spinbox.o(i.lv_spinbox_set_digit_step_direction), (16 bytes).
    Removing lv_spinbox.o(i.lv_spinbox_set_pos), (74 bytes).
    Removing lv_spinbox.o(i.lv_spinbox_set_range), (28 bytes).
    Removing lv_spinbox.o(i.lv_spinbox_set_rollover), (12 bytes).
    Removing lv_spinbox.o(i.lv_spinbox_set_step), (6 bytes).
    Removing lv_spinbox.o(i.lv_spinbox_set_value), (22 bytes).
    Removing lv_spinner.o(i.lv_spinner_create), (36 bytes).
    Removing lv_tabview.o(i.lv_memcpy_small), (22 bytes).
    Removing lv_tabview.o(i.lv_tabview_add_tab), (280 bytes).
    Removing lv_tabview.o(i.lv_tabview_create), (36 bytes).
    Removing lv_tabview.o(i.lv_tabview_get_tab_act), (4 bytes).
    Removing lv_tileview.o(i.lv_obj_set_tile), (54 bytes).
    Removing lv_tileview.o(i.lv_obj_set_tile_id), (102 bytes).
    Removing lv_tileview.o(i.lv_tileview_add_tile), (40 bytes).
    Removing lv_tileview.o(i.lv_tileview_create), (24 bytes).
    Removing lv_tileview.o(i.lv_tileview_get_tile_act), (4 bytes).
    Removing lv_win.o(i.lv_win_add_btn), (56 bytes).
    Removing lv_win.o(i.lv_win_add_title), (40 bytes).
    Removing lv_win.o(i.lv_win_create), (32 bytes).
    Removing lv_win.o(i.lv_win_get_content), (6 bytes).
    Removing lv_win.o(i.lv_win_get_header), (6 bytes).
    Removing lv_font_loader.o(i.init_bit_iterator), (18 bytes).
    Removing lv_font_loader.o(i.load_cmaps), (132 bytes).
    Removing lv_font_loader.o(i.load_cmaps_tables), (216 bytes).
    Removing lv_font_loader.o(i.load_glyph), (624 bytes).
    Removing lv_font_loader.o(i.load_kern), (384 bytes).
    Removing lv_font_loader.o(i.lv_font_free), (164 bytes).
    Removing lv_font_loader.o(i.lv_font_load), (62 bytes).
    Removing lv_font_loader.o(i.lvgl_load_font), (384 bytes).
    Removing lv_font_loader.o(i.read_bits), (78 bytes).
    Removing lv_font_loader.o(i.read_bits_signed), (28 bytes).
    Removing lv_font_loader.o(i.read_label), (62 bytes).
    Removing lv_hal_disp.o(i.invalidate_layout_cb), (10 bytes).
    Removing lv_hal_disp.o(i.lv_color_mix), (52 bytes).
    Removing lv_hal_disp.o(i.lv_color_mix_with_alpha), (192 bytes).
    Removing lv_hal_disp.o(i.lv_disp_drv_update), (192 bytes).
    Removing lv_hal_disp.o(i.lv_disp_drv_use_generic_set_px_cb), (72 bytes).
    Removing lv_hal_disp.o(i.lv_disp_flush_is_last), (12 bytes).
    Removing lv_hal_disp.o(i.lv_disp_get_antialiasing), (24 bytes).
    Removing lv_hal_disp.o(i.lv_disp_get_offset_x), (80 bytes).
    Removing lv_hal_disp.o(i.lv_disp_get_offset_y), (80 bytes).
    Removing lv_hal_disp.o(i.lv_disp_get_physical_hor_res), (60 bytes).
    Removing lv_hal_disp.o(i.lv_disp_get_physical_ver_res), (60 bytes).
    Removing lv_hal_disp.o(i.lv_disp_get_rotation), (24 bytes).
    Removing lv_hal_disp.o(i.lv_disp_remove), (128 bytes).
    Removing lv_hal_disp.o(i.lv_disp_set_default), (12 bytes).
    Removing lv_hal_disp.o(i.lv_disp_set_rotation), (32 bytes).
    Removing lv_hal_disp.o(i.set_px_alpha_generic), (162 bytes).
    Removing lv_hal_disp.o(i.set_px_cb_alpha1), (44 bytes).
    Removing lv_hal_disp.o(i.set_px_cb_alpha2), (44 bytes).
    Removing lv_hal_disp.o(i.set_px_cb_alpha4), (44 bytes).
    Removing lv_hal_disp.o(i.set_px_cb_alpha8), (44 bytes).
    Removing lv_hal_disp.o(i.set_px_true_color_alpha), (136 bytes).
    Removing lv_hal_indev.o(i.lv_indev_delete), (48 bytes).
    Removing lv_hal_indev.o(i.lv_indev_drv_update), (84 bytes).
    Removing lv_hal_tick.o(.rev16_text), (4 bytes).
    Removing lv_hal_tick.o(.revsh_text), (4 bytes).
    Removing lv_hal_tick.o(.rrx_text), (6 bytes).
    Removing lv_anim.o(i.lv_anim_count_running), (36 bytes).
    Removing lv_anim.o(i.lv_anim_del_all), (20 bytes).
    Removing lv_anim.o(i.lv_anim_get_playtime), (64 bytes).
    Removing lv_anim.o(i.lv_anim_path_bounce), (156 bytes).
    Removing lv_anim.o(i.lv_anim_path_ease_in), (50 bytes).
    Removing lv_anim.o(i.lv_anim_path_overshoot), (54 bytes).
    Removing lv_anim.o(i.lv_anim_refr_now), (6 bytes).
    Removing lv_anim_timeline.o(i.lv_anim_timeline_add), (132 bytes).
    Removing lv_anim_timeline.o(i.lv_anim_timeline_create), (24 bytes).
    Removing lv_anim_timeline.o(i.lv_anim_timeline_del), (28 bytes).
    Removing lv_anim_timeline.o(i.lv_anim_timeline_get_playtime), (68 bytes).
    Removing lv_anim_timeline.o(i.lv_anim_timeline_get_reverse), (8 bytes).
    Removing lv_anim_timeline.o(i.lv_anim_timeline_set_progress), (102 bytes).
    Removing lv_anim_timeline.o(i.lv_anim_timeline_set_reverse), (8 bytes).
    Removing lv_anim_timeline.o(i.lv_anim_timeline_start), (100 bytes).
    Removing lv_anim_timeline.o(i.lv_anim_timeline_stop), (40 bytes).
    Removing lv_anim_timeline.o(i.lv_anim_timeline_virtual_exec_cb), (2 bytes).
    Removing lv_area.o(i._lv_area_is_equal), (56 bytes).
    Removing lv_area.o(i._lv_area_set_pos), (48 bytes).
    Removing lv_area.o(i.lv_area_align), (506 bytes).
    Removing lv_async.o(i.lv_async_call), (56 bytes).
    Removing lv_async.o(i.lv_async_timer_cb), (20 bytes).
    Removing lv_color.o(i.lv_color_change_lightness), (56 bytes).
    Removing lv_color.o(i.lv_color_lighten), (38 bytes).
    Removing lv_color.o(i.lv_color_rgb_to_hsv), (212 bytes).
    Removing lv_color.o(i.lv_color_to_hsv), (80 bytes).
    Removing lv_fs.o(i.lv_fs_dir_close), (34 bytes).
    Removing lv_fs.o(i.lv_fs_dir_open), (78 bytes).
    Removing lv_fs.o(i.lv_fs_dir_read), (40 bytes).
    Removing lv_fs.o(i.lv_fs_drv_init), (6 bytes).
    Removing lv_fs.o(i.lv_fs_drv_register), (24 bytes).
    Removing lv_fs.o(i.lv_fs_get_last), (56 bytes).
    Removing lv_fs.o(i.lv_fs_get_letters), (44 bytes).
    Removing lv_fs.o(i.lv_fs_is_ready), (24 bytes).
    Removing lv_fs.o(i.lv_fs_tell), (52 bytes).
    Removing lv_fs.o(i.lv_fs_up), (54 bytes).
    Removing lv_fs.o(i.lv_fs_write), (58 bytes).
    Removing lv_gc.o(i._lv_gc_clear_roots), (184 bytes).
    Removing lv_ll.o(i._lv_ll_chg_list), (104 bytes).
    Removing lv_ll.o(i._lv_ll_ins_prev), (98 bytes).
    Removing lv_ll.o(i._lv_ll_move_before), (94 bytes).
    Removing lv_lru.o(i.lv_lru_cmp_keys), (20 bytes).
    Removing lv_lru.o(i.lv_lru_create), (112 bytes).
    Removing lv_lru.o(i.lv_lru_del), (96 bytes).
    Removing lv_lru.o(i.lv_lru_get), (88 bytes).
    Removing lv_lru.o(i.lv_lru_hash), (92 bytes).
    Removing lv_lru.o(i.lv_lru_remove), (84 bytes).
    Removing lv_lru.o(i.lv_lru_remove_item), (56 bytes).
    Removing lv_lru.o(i.lv_lru_set), (324 bytes).
    Removing lv_math.o(i.lv_rand), (40 bytes).
    Removing lv_math.o(i.lv_sqrt), (34 bytes).
    Removing lv_math.o(.data), (4 bytes).
    Removing lv_mem.o(i.lv_mem_deinit), (24 bytes).
    Removing lv_mem.o(i.lv_mem_test), (48 bytes).
    Removing lv_style_gen.o(i.lv_style_set_align), (10 bytes).
    Removing lv_style_gen.o(i.lv_style_set_anim_speed), (8 bytes).
    Removing lv_style_gen.o(i.lv_style_set_arc_color_filtered), (24 bytes).
    Removing lv_style_gen.o(i.lv_style_set_arc_img_src), (8 bytes).
    Removing lv_style_gen.o(i.lv_style_set_arc_opa), (8 bytes).
    Removing lv_style_gen.o(i.lv_style_set_base_dir), (10 bytes).
    Removing lv_style_gen.o(i.lv_style_set_bg_color_filtered), (24 bytes).
    Removing lv_style_gen.o(i.lv_style_set_bg_dither_mode), (8 bytes).
    Removing lv_style_gen.o(i.lv_style_set_bg_grad), (8 bytes).
    Removing lv_style_gen.o(i.lv_style_set_bg_grad_color_filtered), (24 bytes).
    Removing lv_style_gen.o(i.lv_style_set_bg_grad_dir), (8 bytes).
    Removing lv_style_gen.o(i.lv_style_set_bg_grad_stop), (8 bytes).
    Removing lv_style_gen.o(i.lv_style_set_bg_img_opa), (8 bytes).
    Removing lv_style_gen.o(i.lv_style_set_bg_img_recolor), (22 bytes).
    Removing lv_style_gen.o(i.lv_style_set_bg_img_recolor_filtered), (24 bytes).
    Removing lv_style_gen.o(i.lv_style_set_bg_img_recolor_opa), (8 bytes).
    Removing lv_style_gen.o(i.lv_style_set_bg_img_tiled), (8 bytes).
    Removing lv_style_gen.o(i.lv_style_set_bg_main_stop), (8 bytes).
    Removing lv_style_gen.o(i.lv_style_set_blend_mode), (8 bytes).
    Removing lv_style_gen.o(i.lv_style_set_border_color_filtered), (24 bytes).
    Removing lv_style_gen.o(i.lv_style_set_img_opa), (8 bytes).
    Removing lv_style_gen.o(i.lv_style_set_img_recolor), (22 bytes).
    Removing lv_style_gen.o(i.lv_style_set_img_recolor_filtered), (24 bytes).
    Removing lv_style_gen.o(i.lv_style_set_img_recolor_opa), (8 bytes).
    Removing lv_style_gen.o(i.lv_style_set_layout), (10 bytes).
    Removing lv_style_gen.o(i.lv_style_set_line_color_filtered), (24 bytes).
    Removing lv_style_gen.o(i.lv_style_set_line_dash_gap), (8 bytes).
    Removing lv_style_gen.o(i.lv_style_set_line_dash_width), (8 bytes).
    Removing lv_style_gen.o(i.lv_style_set_line_opa), (8 bytes).
    Removing lv_style_gen.o(i.lv_style_set_line_rounded), (8 bytes).
    Removing lv_style_gen.o(i.lv_style_set_min_height), (10 bytes).
    Removing lv_style_gen.o(i.lv_style_set_min_width), (10 bytes).
    Removing lv_style_gen.o(i.lv_style_set_opa), (10 bytes).
    Removing lv_style_gen.o(i.lv_style_set_outline_color_filtered), (24 bytes).
    Removing lv_style_gen.o(i.lv_style_set_shadow_color_filtered), (24 bytes).
    Removing lv_style_gen.o(i.lv_style_set_shadow_ofs_x), (10 bytes).
    Removing lv_style_gen.o(i.lv_style_set_text_color_filtered), (24 bytes).
    Removing lv_style_gen.o(i.lv_style_set_text_decor), (10 bytes).
    Removing lv_style_gen.o(i.lv_style_set_text_letter_space), (10 bytes).
    Removing lv_style_gen.o(i.lv_style_set_text_opa), (10 bytes).
    Removing lv_style_gen.o(i.lv_style_set_transform_angle), (10 bytes).
    Removing lv_style_gen.o(i.lv_style_set_transform_zoom), (10 bytes).
    Removing lv_style_gen.o(i.lv_style_set_translate_x), (10 bytes).
    Removing lv_style_gen.o(i.lv_style_set_translate_y), (10 bytes).
    Removing lv_style_gen.o(i.lv_style_set_x), (10 bytes).
    Removing lv_style_gen.o(i.lv_style_set_y), (10 bytes).
    Removing lv_timer.o(i.lv_timer_create_basic), (12 bytes).
    Removing lv_timer.o(i.lv_timer_enable), (12 bytes).
    Removing lv_timer.o(i.lv_timer_get_idle), (12 bytes).
    Removing lv_timer.o(i.lv_timer_get_next), (20 bytes).
    Removing lv_timer.o(i.lv_timer_reset), (12 bytes).
    Removing lv_timer.o(i.lv_timer_set_cb), (4 bytes).
    Removing lv_timer.o(i.lv_timer_set_period), (4 bytes).
    Removing lv_timer.o(i.lv_timer_set_repeat_count), (4 bytes).
    Removing lv_tlsf.o(i.integrity_walker), (44 bytes).
    Removing lv_tlsf.o(i.lv_tlsf_align_size), (4 bytes).
    Removing lv_tlsf.o(i.lv_tlsf_alloc_overhead), (4 bytes).
    Removing lv_tlsf.o(i.lv_tlsf_block_size), (18 bytes).
    Removing lv_tlsf.o(i.lv_tlsf_block_size_max), (6 bytes).
    Removing lv_tlsf.o(i.lv_tlsf_block_size_min), (4 bytes).
    Removing lv_tlsf.o(i.lv_tlsf_check), (224 bytes).
    Removing lv_tlsf.o(i.lv_tlsf_check_pool), (24 bytes).
    Removing lv_tlsf.o(i.lv_tlsf_destroy), (2 bytes).
    Removing lv_tlsf.o(i.lv_tlsf_memalign), (166 bytes).
    Removing lv_tlsf.o(i.lv_tlsf_pool_overhead), (4 bytes).
    Removing lv_tlsf.o(i.lv_tlsf_remove_pool), (84 bytes).
    Removing lv_tlsf.o(i.lv_tlsf_size), (6 bytes).
    Removing lv_txt.o(i.lv_txt_utf8_conv_wc), (74 bytes).
    Removing lv_txt.o(.data), (4 bytes).
    Removing lv_arc.o(i.lv_arc_create), (24 bytes).
    Removing lv_arc.o(i.lv_arc_get_angle_end), (4 bytes).
    Removing lv_arc.o(i.lv_arc_get_angle_start), (4 bytes).
    Removing lv_arc.o(i.lv_arc_get_bg_angle_end), (4 bytes).
    Removing lv_arc.o(i.lv_arc_get_bg_angle_start), (4 bytes).
    Removing lv_arc.o(i.lv_arc_get_max_value), (6 bytes).
    Removing lv_arc.o(i.lv_arc_get_min_value), (6 bytes).
    Removing lv_arc.o(i.lv_arc_get_mode), (10 bytes).
    Removing lv_arc.o(i.lv_arc_get_value), (6 bytes).
    Removing lv_arc.o(i.lv_arc_set_change_rate), (4 bytes).
    Removing lv_arc.o(i.lv_arc_set_mode), (102 bytes).
    Removing lv_arc.o(i.lv_arc_set_range), (46 bytes).
    Removing lv_bar.o(i.lv_bar_create), (24 bytes).
    Removing lv_bar.o(i.lv_bar_get_max_value), (4 bytes).
    Removing lv_bar.o(i.lv_bar_get_min_value), (4 bytes).
    Removing lv_bar.o(i.lv_bar_set_mode), (20 bytes).
    Removing lv_bar.o(i.lv_bar_set_range), (84 bytes).
    Removing lv_btnmatrix.o(i.lv_btnmatrix_get_map), (4 bytes).
    Removing lv_btnmatrix.o(i.lv_btnmatrix_get_one_checked), (10 bytes).
    Removing lv_btnmatrix.o(i.lv_btnmatrix_set_btn_width), (46 bytes).
    Removing lv_canvas.o(i.deinit_fake_disp), (24 bytes).
    Removing lv_canvas.o(i.init_fake_disp), (126 bytes).
    Removing lv_canvas.o(i.lv_area_copy), (18 bytes).
    Removing lv_canvas.o(i.lv_canvas_blur_hor), (684 bytes).
    Removing lv_canvas.o(i.lv_canvas_blur_ver), (700 bytes).
    Removing lv_canvas.o(i.lv_canvas_constructor), (40 bytes).
    Removing lv_canvas.o(i.lv_canvas_copy_buf), (118 bytes).
    Removing lv_canvas.o(i.lv_canvas_create), (24 bytes).
    Removing lv_canvas.o(i.lv_canvas_destructor), (8 bytes).
    Removing lv_canvas.o(i.lv_canvas_draw_arc), (118 bytes).
    Removing lv_canvas.o(i.lv_canvas_draw_img), (138 bytes).
    Removing lv_canvas.o(i.lv_canvas_draw_line), (144 bytes).
    Removing lv_canvas.o(i.lv_canvas_draw_polygon), (128 bytes).
    Removing lv_canvas.o(i.lv_canvas_draw_rect), (160 bytes).
    Removing lv_canvas.o(i.lv_canvas_draw_text), (132 bytes).
    Removing lv_canvas.o(i.lv_canvas_fill_bg), (160 bytes).
    Removing lv_canvas.o(i.lv_canvas_get_img), (4 bytes).
    Removing lv_canvas.o(i.lv_canvas_get_px), (36 bytes).
    Removing lv_canvas.o(i.lv_canvas_set_buffer), (38 bytes).
    Removing lv_canvas.o(i.lv_canvas_set_palette), (20 bytes).
    Removing lv_canvas.o(i.lv_canvas_set_px_color), (20 bytes).
    Removing lv_canvas.o(i.lv_canvas_set_px_opa), (20 bytes).
    Removing lv_canvas.o(i.lv_canvas_transform), (468 bytes).
    Removing lv_canvas.o(i.lv_color_hex), (34 bytes).
    Removing lv_canvas.o(i.lv_color_mix), (52 bytes).
    Removing lv_canvas.o(i.lv_obj_get_style_img_recolor), (6 bytes).
    Removing lv_canvas.o(.constdata), (28 bytes).
    Removing lv_checkbox.o(i.lv_checkbox_create), (24 bytes).
    Removing lv_checkbox.o(i.lv_checkbox_get_text), (4 bytes).
    Removing lv_checkbox.o(i.lv_checkbox_set_text), (66 bytes).
    Removing lv_checkbox.o(i.lv_checkbox_set_text_static), (42 bytes).
    Removing lv_dropdown.o(i.lv_dropdown_add_option), (268 bytes).
    Removing lv_dropdown.o(i.lv_dropdown_clear_options), (62 bytes).
    Removing lv_dropdown.o(i.lv_dropdown_get_dir), (10 bytes).
    Removing lv_dropdown.o(i.lv_dropdown_get_list), (4 bytes).
    Removing lv_dropdown.o(i.lv_dropdown_get_option_cnt), (4 bytes).
    Removing lv_dropdown.o(i.lv_dropdown_get_options), (16 bytes).
    Removing lv_dropdown.o(i.lv_dropdown_get_selected_highlight), (10 bytes).
    Removing lv_dropdown.o(i.lv_dropdown_get_symbol), (4 bytes).
    Removing lv_dropdown.o(i.lv_dropdown_get_text), (4 bytes).
    Removing lv_dropdown.o(i.lv_dropdown_set_dir), (26 bytes).
    Removing lv_dropdown.o(i.lv_dropdown_set_selected_highlight), (24 bytes).
    Removing lv_dropdown.o(i.lv_dropdown_set_symbol), (6 bytes).
    Removing lv_dropdown.o(i.lv_dropdown_set_text), (14 bytes).
    Removing lv_img.o(i.lv_img_get_angle), (4 bytes).
    Removing lv_img.o(i.lv_img_get_antialias), (8 bytes).
    Removing lv_img.o(i.lv_img_get_offset_x), (6 bytes).
    Removing lv_img.o(i.lv_img_get_offset_y), (6 bytes).
    Removing lv_img.o(i.lv_img_get_pivot), (8 bytes).
    Removing lv_img.o(i.lv_img_get_size_mode), (10 bytes).
    Removing lv_img.o(i.lv_img_get_src), (4 bytes).
    Removing lv_img.o(i.lv_img_get_zoom), (4 bytes).
    Removing lv_img.o(i.lv_img_set_angle), (250 bytes).
    Removing lv_img.o(i.lv_img_set_antialias), (24 bytes).
    Removing lv_img.o(i.lv_img_set_offset_x), (18 bytes).
    Removing lv_img.o(i.lv_img_set_offset_y), (18 bytes).
    Removing lv_img.o(i.lv_img_set_pivot), (244 bytes).
    Removing lv_img.o(i.lv_img_set_size_mode), (22 bytes).
    Removing lv_img.o(i.lv_img_set_zoom), (258 bytes).
    Removing lv_label.o(i.lv_label_cut_text), (44 bytes).
    Removing lv_label.o(i.lv_label_get_long_mode), (10 bytes).
    Removing lv_label.o(i.lv_label_get_recolor), (10 bytes).
    Removing lv_label.o(i.lv_label_set_recolor), (26 bytes).
    Removing lv_line.o(i.lv_line_create), (24 bytes).
    Removing lv_line.o(i.lv_line_get_y_invert), (10 bytes).
    Removing lv_line.o(i.lv_line_set_points), (22 bytes).
    Removing lv_line.o(i.lv_line_set_y_invert), (22 bytes).
    Removing lv_roller.o(i.lv_roller_create), (24 bytes).
    Removing lv_roller.o(i.lv_roller_get_option_cnt), (18 bytes).
    Removing lv_roller.o(i.lv_roller_get_options), (14 bytes).
    Removing lv_roller.o(i.lv_roller_get_selected), (32 bytes).
    Removing lv_roller.o(i.lv_roller_get_selected_str), (94 bytes).
    Removing lv_roller.o(i.lv_roller_set_visible_row_count), (56 bytes).
    Removing lv_slider.o(i.lv_slider_create), (24 bytes).
    Removing lv_slider.o(i.lv_slider_is_dragged), (10 bytes).
    Removing lv_switch.o(i.lv_switch_create), (24 bytes).
    Removing lv_table.o(i.lv_table_add_cell_ctrl), (102 bytes).
    Removing lv_table.o(i.lv_table_clear_cell_ctrl), (102 bytes).
    Removing lv_table.o(i.lv_table_create), (24 bytes).
    Removing lv_table.o(i.lv_table_get_cell_value), (36 bytes).
    Removing lv_table.o(i.lv_table_get_col_cnt), (4 bytes).
    Removing lv_table.o(i.lv_table_get_col_width), (18 bytes).
    Removing lv_table.o(i.lv_table_get_row_cnt), (4 bytes).
    Removing lv_table.o(i.lv_table_get_selected_cell), (10 bytes).
    Removing lv_table.o(i.lv_table_has_cell_ctrl), (42 bytes).
    Removing lv_table.o(i.lv_table_set_cell_value), (130 bytes).
    Removing lv_table.o(i.lv_table_set_cell_value_fmt), (312 bytes).
    Removing lv_table.o(i.lv_table_set_col_cnt), (196 bytes).
    Removing lv_table.o(i.lv_table_set_col_width), (42 bytes).
    Removing lv_table.o(i.lv_table_set_row_cnt), (120 bytes).
    Removing lv_textarea.o(i.lv_textarea_get_accepted_chars), (4 bytes).
    Removing lv_textarea.o(i.lv_textarea_get_cursor_click_pos), (10 bytes).
    Removing lv_textarea.o(i.lv_textarea_get_label), (4 bytes).
    Removing lv_textarea.o(i.lv_textarea_get_max_length), (4 bytes).
    Removing lv_textarea.o(i.lv_textarea_get_password_mode), (10 bytes).
    Removing lv_textarea.o(i.lv_textarea_get_password_show_time), (4 bytes).
    Removing lv_textarea.o(i.lv_textarea_get_placeholder_text), (16 bytes).
    Removing lv_textarea.o(i.lv_textarea_get_text_selection), (10 bytes).
    Removing lv_textarea.o(i.lv_textarea_set_accepted_chars), (4 bytes).
    Removing lv_textarea.o(i.lv_textarea_set_insert_replace), (12 bytes).
    Removing lv_textarea.o(i.lv_textarea_set_password_mode), (108 bytes).
    Removing lv_textarea.o(i.lv_textarea_set_password_show_time), (4 bytes).
    Removing lv_textarea.o(i.lv_textarea_set_text_selection), (22 bytes).
    Removing lv_textarea.o(i.lv_textarea_text_is_selected), (36 bytes).
    Removing croutine.o(.rev16_text), (4 bytes).
    Removing croutine.o(.revsh_text), (4 bytes).
    Removing croutine.o(.rrx_text), (6 bytes).
    Removing event_groups.o(.rev16_text), (4 bytes).
    Removing event_groups.o(.revsh_text), (4 bytes).
    Removing event_groups.o(.rrx_text), (6 bytes).
    Removing event_groups.o(i.prvTestWaitCondition), (20 bytes).
    Removing event_groups.o(i.uxEventGroupGetNumber), (8 bytes).
    Removing event_groups.o(i.vEventGroupClearBitsCallback), (4 bytes).
    Removing event_groups.o(i.vEventGroupDelete), (144 bytes).
    Removing event_groups.o(i.vEventGroupSetBitsCallback), (4 bytes).
    Removing event_groups.o(i.vEventGroupSetNumber), (4 bytes).
    Removing event_groups.o(i.xEventGroupClearBits), (116 bytes).
    Removing event_groups.o(i.xEventGroupClearBitsFromISR), (16 bytes).
    Removing event_groups.o(i.xEventGroupCreate), (26 bytes).
    Removing event_groups.o(i.xEventGroupGetBitsFromISR), (26 bytes).
    Removing event_groups.o(i.xEventGroupSetBits), (192 bytes).
    Removing event_groups.o(i.xEventGroupSetBitsFromISR), (16 bytes).
    Removing event_groups.o(i.xEventGroupSync), (240 bytes).
    Removing event_groups.o(i.xEventGroupWaitBits), (304 bytes).
    Removing list.o(.rev16_text), (4 bytes).
    Removing list.o(.revsh_text), (4 bytes).
    Removing list.o(.rrx_text), (6 bytes).
    Removing queue.o(.rev16_text), (4 bytes).
    Removing queue.o(.revsh_text), (4 bytes).
    Removing queue.o(.rrx_text), (6 bytes).
    Removing queue.o(i.pcQueueGetName), (108 bytes).
    Removing queue.o(i.ucQueueGetQueueType), (6 bytes).
    Removing queue.o(i.uxQueueGetQueueNumber), (4 bytes).
    Removing queue.o(i.uxQueueMessagesWaiting), (84 bytes).
    Removing queue.o(i.uxQueueMessagesWaitingFromISR), (76 bytes).
    Removing queue.o(i.uxQueueSpacesAvailable), (88 bytes).
    Removing queue.o(i.vQueueDelete), (88 bytes).
    Removing queue.o(i.vQueueSetQueueNumber), (4 bytes).
    Removing queue.o(i.vQueueUnregisterQueue), (112 bytes).
    Removing queue.o(i.xQueueAddToSet), (34 bytes).
    Removing queue.o(i.xQueueCreateCountingSemaphore), (96 bytes).
    Removing queue.o(i.xQueueCreateMutex), (36 bytes).
    Removing queue.o(i.xQueueCreateSet), (8 bytes).
    Removing queue.o(i.xQueueGenericSend), (408 bytes).
    Removing queue.o(i.xQueueGenericSendFromISR), (264 bytes).
    Removing queue.o(i.xQueueGiveFromISR), (224 bytes).
    Removing queue.o(i.xQueueIsQueueEmptyFromISR), (84 bytes).
    Removing queue.o(i.xQueueIsQueueFullFromISR), (88 bytes).
    Removing queue.o(i.xQueuePeek), (352 bytes).
    Removing queue.o(i.xQueuePeekFromISR), (156 bytes).
    Removing queue.o(i.xQueueReceiveFromISR), (212 bytes).
    Removing queue.o(i.xQueueRemoveFromSet), (34 bytes).
    Removing queue.o(i.xQueueSelectFromSet), (18 bytes).
    Removing queue.o(i.xQueueSelectFromSetFromISR), (18 bytes).
    Removing queue.o(i.xQueueSemaphoreTake), (412 bytes).
    Removing stream_buffer.o(.rev16_text), (4 bytes).
    Removing stream_buffer.o(.revsh_text), (4 bytes).
    Removing stream_buffer.o(.rrx_text), (6 bytes).
    Removing stream_buffer.o(i.prvBytesInBuffer), (18 bytes).
    Removing stream_buffer.o(i.prvInitialiseNewStreamBuffer), (124 bytes).
    Removing stream_buffer.o(i.prvReadBytesFromBuffer), (176 bytes).
    Removing stream_buffer.o(i.prvReadMessageFromBuffer), (68 bytes).
    Removing stream_buffer.o(i.prvWriteBytesToBuffer), (180 bytes).
    Removing stream_buffer.o(i.prvWriteMessageToBuffer), (72 bytes).
    Removing stream_buffer.o(i.ucStreamBufferGetStreamBufferType), (8 bytes).
    Removing stream_buffer.o(i.uxStreamBufferGetStreamBufferNumber), (4 bytes).
    Removing stream_buffer.o(i.vStreamBufferDelete), (108 bytes).
    Removing stream_buffer.o(i.vStreamBufferSetStreamBufferNumber), (4 bytes).
    Removing stream_buffer.o(i.xStreamBufferBytesAvailable), (88 bytes).
    Removing stream_buffer.o(i.xStreamBufferGenericCreate), (160 bytes).
    Removing stream_buffer.o(i.xStreamBufferIsEmpty), (96 bytes).
    Removing stream_buffer.o(i.xStreamBufferIsFull), (112 bytes).
    Removing stream_buffer.o(i.xStreamBufferNextMessageLengthBytes), (128 bytes).
    Removing stream_buffer.o(i.xStreamBufferReceive), (268 bytes).
    Removing stream_buffer.o(i.xStreamBufferReceiveCompletedFromISR), (136 bytes).
    Removing stream_buffer.o(i.xStreamBufferReceiveFromISR), (196 bytes).
    Removing stream_buffer.o(i.xStreamBufferReset), (124 bytes).
    Removing stream_buffer.o(i.xStreamBufferSend), (328 bytes).
    Removing stream_buffer.o(i.xStreamBufferSendCompletedFromISR), (136 bytes).
    Removing stream_buffer.o(i.xStreamBufferSendFromISR), (200 bytes).
    Removing stream_buffer.o(i.xStreamBufferSetTriggerLevel), (100 bytes).
    Removing stream_buffer.o(i.xStreamBufferSpacesAvailable), (108 bytes).
    Removing tasks.o(.rev16_text), (4 bytes).
    Removing tasks.o(.revsh_text), (4 bytes).
    Removing tasks.o(.rrx_text), (6 bytes).
    Removing tasks.o(i.eTaskGetState), (172 bytes).
    Removing tasks.o(i.pcTaskGetName), (92 bytes).
    Removing tasks.o(i.prvListTasksWithinSingleList), (86 bytes).
    Removing tasks.o(i.prvSearchForNameWithinSingleList), (98 bytes).
    Removing tasks.o(i.prvTaskCheckFreeStackSpace), (20 bytes).
    Removing tasks.o(i.prvTaskIsTaskSuspended), (100 bytes).
    Removing tasks.o(i.pvTaskIncrementMutexHeldCount), (24 bytes).
    Removing tasks.o(i.ulTaskGenericNotifyTake), (196 bytes).
    Removing tasks.o(i.ulTaskGenericNotifyValueClear), (44 bytes).
    Removing tasks.o(i.uxTaskGetNumberOfTasks), (12 bytes).
    Removing tasks.o(i.uxTaskGetStackHighWaterMark), (16 bytes).
    Removing tasks.o(i.uxTaskGetSystemState), (172 bytes).
    Removing tasks.o(i.uxTaskGetTaskNumber), (8 bytes).
    Removing tasks.o(i.uxTaskPriorityGet), (28 bytes).
    Removing tasks.o(i.uxTaskPriorityGetFromISR), (44 bytes).
    Removing tasks.o(i.uxTaskResetEventItemValue), (24 bytes).
    Removing tasks.o(i.vTaskEndScheduler), (28 bytes).
    Removing tasks.o(i.vTaskGenericNotifyGiveFromISR), (344 bytes).
    Removing tasks.o(i.vTaskGetInfo), (116 bytes).
    Removing tasks.o(i.vTaskList), (196 bytes).
    Removing tasks.o(i.vTaskPlaceOnUnorderedEventList), (156 bytes).
    Removing tasks.o(i.vTaskPriorityDisinheritAfterTimeout), (244 bytes).
    Removing tasks.o(i.vTaskPrioritySet), (276 bytes).
    Removing tasks.o(i.vTaskRemoveFromUnorderedEventList), (248 bytes).
    Removing tasks.o(i.vTaskResume), (216 bytes).
    Removing tasks.o(i.vTaskSetTaskNumber), (8 bytes).
    Removing tasks.o(i.vTaskSetTimeOutState), (96 bytes).
    Removing tasks.o(i.vTaskSuspend), (244 bytes).
    Removing tasks.o(i.xTaskAbortDelay), (224 bytes).
    Removing tasks.o(i.xTaskCatchUpTicks), (96 bytes).
    Removing tasks.o(i.xTaskDelayUntil), (188 bytes).
    Removing tasks.o(i.xTaskGenericNotify), (368 bytes).
    Removing tasks.o(i.xTaskGenericNotifyFromISR), (420 bytes).
    Removing tasks.o(i.xTaskGenericNotifyStateClear), (116 bytes).
    Removing tasks.o(i.xTaskGenericNotifyWait), (232 bytes).
    Removing tasks.o(i.xTaskGetCurrentTaskHandle), (12 bytes).
    Removing tasks.o(i.xTaskGetHandle), (184 bytes).
    Removing tasks.o(i.xTaskGetIdleTaskHandle), (80 bytes).
    Removing tasks.o(i.xTaskGetTickCountFromISR), (16 bytes).
    Removing tasks.o(i.xTaskPriorityInherit), (180 bytes).
    Removing tasks.o(i.xTaskResumeFromISR), (236 bytes).
    Removing timers.o(.rev16_text), (4 bytes).
    Removing timers.o(.revsh_text), (4 bytes).
    Removing timers.o(.rrx_text), (6 bytes).
    Removing timers.o(i.pcTimerGetName), (76 bytes).
    Removing timers.o(i.pvTimerGetTimerID), (84 bytes).
    Removing timers.o(i.uxTimerGetReloadMode), (96 bytes).
    Removing timers.o(i.uxTimerGetTimerNumber), (4 bytes).
    Removing timers.o(i.vTimerSetReloadMode), (104 bytes).
    Removing timers.o(i.vTimerSetTimerID), (88 bytes).
    Removing timers.o(i.vTimerSetTimerNumber), (4 bytes).
    Removing timers.o(i.xTimerCreate), (148 bytes).
    Removing timers.o(i.xTimerGenericCommand), (156 bytes).
    Removing timers.o(i.xTimerGetExpiryTime), (76 bytes).
    Removing timers.o(i.xTimerGetPeriod), (76 bytes).
    Removing timers.o(i.xTimerGetTimerDaemonTaskHandle), (80 bytes).
    Removing timers.o(i.xTimerIsTimerActive), (96 bytes).
    Removing timers.o(i.xTimerPendFunctionCall), (116 bytes).
    Removing timers.o(i.xTimerPendFunctionCallFromISR), (40 bytes).
    Removing port.o(.rev16_text), (4 bytes).
    Removing port.o(.revsh_text), (4 bytes).
    Removing port.o(.rrx_text), (6 bytes).
    Removing port.o(i.vPortEndScheduler), (100 bytes).
    Removing port.o(i.vPortValidateInterruptPriority), (152 bytes).
    Removing heap_4.o(.rev16_text), (4 bytes).
    Removing heap_4.o(.revsh_text), (4 bytes).
    Removing heap_4.o(.rrx_text), (6 bytes).
    Removing heap_4.o(i.vPortGetHeapStats), (108 bytes).
    Removing heap_4.o(i.vPortInitialiseBlocks), (2 bytes).
    Removing heap_4.o(i.xPortGetFreeHeapSize), (12 bytes).
    Removing heap_4.o(i.xPortGetMinimumEverFreeHeapSize), (12 bytes).
    Removing lv_mainstart.o(.rev16_text), (4 bytes).
    Removing lv_mainstart.o(.revsh_text), (4 bytes).
    Removing lv_mainstart.o(.rrx_text), (6 bytes).
    Removing myfont14.o(i.__user_font_get_bitmap), (48 bytes).
    Removing myfont14.o(i.__user_font_get_glyph_dsc), (80 bytes).
    Removing myfont14.o(i.binsearch), (48 bytes).
    Removing myfont14.o(.constdata), (9797 bytes).
    Removing myfont14.o(.constdata), (920 bytes).
    Removing myfont14.o(.constdata), (232 bytes).
    Removing myfont14.o(.constdata), (20 bytes).
    Removing myfont14.o(.constdata), (28 bytes).
    Removing myfont14.o(.data), (24 bytes).
    Removing lcd.o(i.lcd_wr_regno), (48 bytes).
    Removing lcd.o(i.lcd_write_ram_prepare), (60 bytes).

1495 unused section(s) (total 112647 bytes) removed from the image.
